Component: ARM Compiler 5.05 update 1 (build 106) Tool: armlink [4d0efa]

==============================================================================

Section Cross References

    startup_stm32f103xe.o(STACK) refers (Special) to heapauxi.o(.text) for __use_two_region_memory
    startup_stm32f103xe.o(HEAP) refers (Special) to heapauxi.o(.text) for __use_two_region_memory
    startup_stm32f103xe.o(RESET) refers (Special) to heapauxi.o(.text) for __use_two_region_memory
    startup_stm32f103xe.o(RESET) refers to startup_stm32f103xe.o(STACK) for __initial_sp
    startup_stm32f103xe.o(RESET) refers to startup_stm32f103xe.o(.text) for Reset_Handler
    startup_stm32f103xe.o(RESET) refers to stm32f1xx_it.o(i.NMI_Handler) for NMI_Handler
    startup_stm32f103xe.o(RESET) refers to stm32f1xx_it.o(i.HardFault_Handler) for HardFault_Handler
    startup_stm32f103xe.o(RESET) refers to stm32f1xx_it.o(i.MemManage_Handler) for MemManage_Handler
    startup_stm32f103xe.o(RESET) refers to stm32f1xx_it.o(i.BusFault_Handler) for BusFault_Handler
    startup_stm32f103xe.o(RESET) refers to stm32f1xx_it.o(i.UsageFault_Handler) for UsageFault_Handler
    startup_stm32f103xe.o(RESET) refers to stm32f1xx_it.o(i.SVC_Handler) for SVC_Handler
    startup_stm32f103xe.o(RESET) refers to stm32f1xx_it.o(i.DebugMon_Handler) for DebugMon_Handler
    startup_stm32f103xe.o(RESET) refers to stm32f1xx_it.o(i.PendSV_Handler) for PendSV_Handler
    startup_stm32f103xe.o(RESET) refers to stm32f1xx_it.o(i.SysTick_Handler) for SysTick_Handler
    startup_stm32f103xe.o(RESET) refers to adc.o(i.DMA1_Channel1_IRQHandler) for DMA1_Channel1_IRQHandler
    startup_stm32f103xe.o(RESET) refers to usart.o(i.USART1_IRQHandler) for USART1_IRQHandler
    startup_stm32f103xe.o(.text) refers (Special) to heapauxi.o(.text) for __use_two_region_memory
    startup_stm32f103xe.o(.text) refers to system_stm32f1xx.o(i.SystemInit) for SystemInit
    startup_stm32f103xe.o(.text) refers to __main.o(!!!main) for __main
    startup_stm32f103xe.o(.text) refers to startup_stm32f103xe.o(HEAP) for Heap_Mem
    startup_stm32f103xe.o(.text) refers to startup_stm32f103xe.o(STACK) for Stack_Mem
    main.o(i.HAL_UART_RxCpltCallback) refers to stm32f1xx_hal_uart.o(i.HAL_UART_Receive_IT) for HAL_UART_Receive_IT
    main.o(i.HAL_UART_RxCpltCallback) refers to strncmp.o(.text) for strncmp
    main.o(i.HAL_UART_RxCpltCallback) refers to noretval__2printf.o(.text) for __2printf
    main.o(i.HAL_UART_RxCpltCallback) refers to stm32f1xx_hal_uart.o(i.HAL_UART_Transmit_DMA) for HAL_UART_Transmit_DMA
    main.o(i.HAL_UART_RxCpltCallback) refers to stm32f1xx_hal_gpio.o(i.HAL_GPIO_WritePin) for HAL_GPIO_WritePin
    main.o(i.HAL_UART_RxCpltCallback) refers to rt_memclr.o(.text) for __aeabi_memclr
    main.o(i.HAL_UART_RxCpltCallback) refers to main.o(.data) for g_recvlen
    main.o(i.HAL_UART_RxCpltCallback) refers to main.o(.bss) for g_recvbuf
    main.o(i.HAL_UART_RxCpltCallback) refers to usart.o(.bss) for g_uart1_handle
    main.o(i.calculate_wave_point) refers to fdiv.o(x$fpl$fdiv) for __aeabi_fdiv
    main.o(i.calculate_wave_point) refers to fmul.o(x$fpl$fmul) for __aeabi_fmul
    main.o(i.calculate_wave_point) refers to faddsub_clz.o(x$fpl$fadd) for __aeabi_fadd
    main.o(i.calculate_wave_point) refers to sinf.o(i.sinf) for sinf
    main.o(i.calculate_wave_point) refers to ffix.o(x$fpl$ffix) for __aeabi_f2iz
    main.o(i.calculate_wave_point) refers to main.o(.data) for g_frequency
    main.o(i.display_wave) refers to faddsub_clz.o(x$fpl$fadd) for __aeabi_fadd
    main.o(i.display_wave) refers to ffixu.o(x$fpl$ffixu) for __aeabi_f2uiz
    main.o(i.display_wave) refers to faddsub_clz.o(x$fpl$fsub) for __aeabi_fsub
    main.o(i.display_wave) refers to lcd.o(i.lcd_fill) for lcd_fill
    main.o(i.display_wave) refers to main.o(i.redraw_x_axis) for redraw_x_axis
    main.o(i.display_wave) refers to lcd.o(i.lcd_draw_line) for lcd_draw_line
    main.o(i.display_wave) refers to main.o(.bss) for g_wave_buffer
    main.o(i.display_wave) refers to main.o(.data) for g_amplitude
    main.o(i.draw_coordinate_system) refers to lcd.o(i.lcd_fill) for lcd_fill
    main.o(i.draw_coordinate_system) refers to lcd.o(i.lcd_draw_line) for lcd_draw_line
    main.o(i.draw_coordinate_system) refers to lcd.o(.bss) for lcddev
    main.o(i.init_wave_buffer) refers to fflt_clz.o(x$fpl$fflt) for __aeabi_i2f
    main.o(i.init_wave_buffer) refers to main.o(i.calculate_wave_point) for calculate_wave_point
    main.o(i.init_wave_buffer) refers to main.o(.data) for g_phase
    main.o(i.init_wave_buffer) refers to main.o(.bss) for g_wave_buffer
    main.o(i.lcd_draw_bline) refers to lcd.o(i.lcd_fill_circle) for lcd_fill_circle
    main.o(i.main) refers to stm32f1xx_hal.o(i.HAL_Init) for HAL_Init
    main.o(i.main) refers to sys.o(i.sys_stm32_clock_init) for sys_stm32_clock_init
    main.o(i.main) refers to delay.o(i.delay_init) for delay_init
    main.o(i.main) refers to usart.o(i.usart_init) for usart_init
[...]
    i.HAL_NVIC_EnableIRQ                     0x08001c6a   Section        0  stm32f1xx_hal_cortex.o(i.HAL_NVIC_EnableIRQ)
    i.HAL_NVIC_SetPriority                   0x08001c8a   Section        0  stm32f1xx_hal_cortex.o(i.HAL_NVIC_SetPriority)
    i.HAL_NVIC_SetPriorityGrouping           0x08001d08   Section        0  stm32f1xx_hal_cortex.o(i.HAL_NVIC_SetPriorityGrouping)
    i.HAL_RCC_ClockConfig                    0x08001d30   Section        0  stm32f1xx_hal_rcc.o(i.HAL_RCC_ClockConfig)
    i.HAL_RCC_GetHCLKFreq                    0x08001ebc   Section        0  stm32f1xx_hal_rcc.o(i.HAL_RCC_GetHCLKFreq)
    i.HAL_RCC_GetPCLK1Freq                   0x08001ec8   Section        0  stm32f1xx_hal_rcc.o(i.HAL_RCC_GetPCLK1Freq)
    i.HAL_RCC_GetPCLK2Freq                   0x08001ee8   Section        0  stm32f1xx_hal_rcc.o(i.HAL_RCC_GetPCLK2Freq)
    i.HAL_RCC_GetSysClockFreq                0x08001f08   Section        0  stm32f1xx_hal_rcc.o(i.HAL_RCC_GetSysClockFreq)
    i.HAL_RCC_OscConfig                      0x08001f9c   Section        0  stm32f1xx_hal_rcc.o(i.HAL_RCC_OscConfig)
    i.HAL_SRAM_Init                          0x08002400   Section        0  stm32f1xx_hal_sram.o(i.HAL_SRAM_Init)
    i.HAL_SRAM_MspInit                       0x08002468   Section        0  lcd.o(i.HAL_SRAM_MspInit)
    i.HAL_SYSTICK_Config                     0x080024f8   Section        0  stm32f1xx_hal_cortex.o(i.HAL_SYSTICK_Config)
    i.HAL_UART_DMAStop                       0x0800252c   Section        0  stm32f1xx_hal_uart.o(i.HAL_UART_DMAStop)
    i.HAL_UART_ErrorCallback                 0x08002592   Section        0  stm32f1xx_hal_uart.o(i.HAL_UART_ErrorCallback)
    i.HAL_UART_IRQHandler                    0x08002594   Section        0  stm32f1xx_hal_uart.o(i.HAL_UART_IRQHandler)
    i.HAL_UART_Init                          0x080026e8   Section        0  stm32f1xx_hal_uart.o(i.HAL_UART_Init)
    i.HAL_UART_MspInit                       0x0800275c   Section        0  usart.o(i.HAL_UART_MspInit)
    i.HAL_UART_Receive_IT                    0x08002810   Section        0  stm32f1xx_hal_uart.o(i.HAL_UART_Receive_IT)
    i.HAL_UART_RxCpltCallback                0x08002880   Section        0  usart.o(i.HAL_UART_RxCpltCallback)
    i.HAL_UART_Transmit_DMA                  0x0800291c   Section        0  stm32f1xx_hal_uart.o(i.HAL_UART_Transmit_DMA)
    i.HAL_UART_TxCpltCallback                0x080029b8   Section        0  stm32f1xx_hal_uart.o(i.HAL_UART_TxCpltCallback)
    i.HAL_UART_TxHalfCpltCallback            0x080029ba   Section        0  stm32f1xx_hal_uart.o(i.HAL_UART_TxHalfCpltCallback)
    i.HardFault_Handler                      0x080029bc   Section        0  stm32f1xx_it.o(i.HardFault_Handler)
    i.MemManage_Handler                      0x080029c0   Section        0  stm32f1xx_it.o(i.MemManage_Handler)
    i.NMI_Handler                            0x080029c4   Section        0  stm32f1xx_it.o(i.NMI_Handler)
    i.PendSV_Handler                         0x080029c6   Section        0  stm32f1xx_it.o(i.PendSV_Handler)
    i.RCC_Delay                              0x080029c8   Section        0  stm32f1xx_hal_rcc.o(i.RCC_Delay)
    RCC_Delay                                0x080029c9   Thumb Code    36  stm32f1xx_hal_rcc.o(i.RCC_Delay)
    i.SVC_Handler                            0x080029f0   Section        0  stm32f1xx_it.o(i.SVC_Handler)
    i.SysTick_Handler                        0x080029f2   Section        0  stm32f1xx_it.o(i.SysTick_Handler)
    i.SystemInit                             0x080029fa   Section        0  system_stm32f1xx.o(i.SystemInit)
    i.UART_DMAAbortOnError                   0x080029fc   Section        0  stm32f1xx_hal_uart.o(i.UART_DMAAbortOnError)
    UART_DMAAbortOnError                     0x080029fd   Thumb Code    20  stm32f1xx_hal_uart.o(i.UART_DMAAbortOnError)
    i.UART_DMAError                          0x08002a10   Section        0  stm32f1xx_hal_uart.o(i.UART_DMAError)
    UART_DMAError                            0x08002a11   Thumb Code    80  stm32f1xx_hal_uart.o(i.UART_DMAError)
    i.UART_DMATransmitCplt                   0x08002a60   Section        0  stm32f1xx_hal_uart.o(i.UART_DMATransmitCplt)
    UART_DMATransmitCplt                     0x08002a61   Thumb Code    54  stm32f1xx_hal_uart.o(i.UART_DMATransmitCplt)
    i.UART_DMATxHalfCplt                     0x08002a96   Section        0  stm32f1xx_hal_uart.o(i.UART_DMATxHalfCplt)
    UART_DMATxHalfCplt                       0x08002a97   Thumb Code    14  stm32f1xx_hal_uart.o(i.UART_DMATxHalfCplt)
    i.UART_EndRxTransfer                     0x08002aa4   Section        0  stm32f1xx_hal_uart.o(i.UART_EndRxTransfer)
    UART_EndRxTransfer                       0x08002aa5   Thumb Code    32  stm32f1xx_hal_uart.o(i.UART_EndRxTransfer)
    i.UART_EndTransmit_IT                    0x08002ac4   Section        0  stm32f1xx_hal_uart.o(i.UART_EndTransmit_IT)
    UART_EndTransmit_IT                      0x08002ac5   Thumb Code    32  stm32f1xx_hal_uart.o(i.UART_EndTransmit_IT)
    i.UART_EndTxTransfer                     0x08002ae4   Section        0  stm32f1xx_hal_uart.o(i.UART_EndTxTransfer)
    UART_EndTxTransfer                       0x08002ae5   Thumb Code    20  stm32f1xx_hal_uart.o(i.UART_EndTxTransfer)
    i.UART_Receive_IT                        0x08002af8   Section        0  stm32f1xx_hal_uart.o(i.UART_Receive_IT)
    UART_Receive_IT                          0x08002af9   Thumb Code   160  stm32f1xx_hal_uart.o(i.UART_Receive_IT)
    i.UART_SetConfig                         0x08002b98   Section        0  stm32f1xx_hal_uart.o(i.UART_SetConfig)
    UART_SetConfig                           0x08002b99   Thumb Code   248  stm32f1xx_hal_uart.o(i.UART_SetConfig)
    i.UART_Transmit_IT                       0x08002c94   Section        0  stm32f1xx_hal_uart.o(i.UART_Transmit_IT)
    UART_Transmit_IT                         0x08002c95   Thumb Code    96  stm32f1xx_hal_uart.o(i.UART_Transmit_IT)
    i.USART1_IRQHandler                      0x08002cf4   Section        0  usart.o(i.USART1_IRQHandler)
    i.UsageFault_Handler                     0x08002d04   Section        0  stm32f1xx_it.o(i.UsageFault_Handler)
    i.__ARM_fpclassify                       0x08002d08   Section        0  fpclassify.o(i.__ARM_fpclassify)
    i.__ARM_fpclassifyf                      0x08002d30   Section        0  fpclassifyf.o(i.__ARM_fpclassifyf)
    i.__NVIC_GetPriorityGrouping             0x08002d58   Section        0  stm32f1xx_hal_cortex.o(i.__NVIC_GetPriorityGrouping)
    __NVIC_GetPriorityGrouping               0x08002d59   Thumb Code    10  stm32f1xx_hal_cortex.o(i.__NVIC_GetPriorityGrouping)
    i.__NVIC_SetPriority                     0x08002d68   Section        0  stm32f1xx_hal_cortex.o(i.__NVIC_SetPriority)
    __NVIC_SetPriority                       0x08002d69   Thumb Code    32  stm32f1xx_hal_cortex.o(i.__NVIC_SetPriority)
    i.__mathlib_flt_infnan                   0x08002d90   Section        0  funder.o(i.__mathlib_flt_infnan)
    i.__mathlib_flt_invalid                  0x08002d96   Section        0  funder.o(i.__mathlib_flt_invalid)
    i.__mathlib_flt_underflow                0x08002d9e   Section        0  funder.o(i.__mathlib_flt_underflow)
    i.__mathlib_rredf2                       0x08002da8   Section        0  rredf.o(i.__mathlib_rredf2)
    i._is_digit                              0x08002f10   Section        0  __printf_wp.o(i._is_digit)
    i._sys_exit                              0x08002f1e   Section        0  usart.o(i._sys_exit)
    i.calculate_wave_point                   0x08002f24   Section        0  main.o(i.calculate_wave_point)
    i.delay_init                             0x08002f80   Section        0  delay.o(i.delay_init)
    i.delay_ms                               0x08002f8c   Section        0  delay.o(i.delay_ms)
    i.delay_us                               0x08002fa0   Section        0  delay.o(i.delay_us)
    i.display_wave                           0x08002fe8   Section        0  main.o(i.display_wave)
    i.dma_init                               0x08003080   Section        0  dma.o(i.dma_init)
    i.draw_coordinate_system                 0x08003108   Section        0  main.o(i.draw_coordinate_system)
    i.fputc                                  0x08003224   Section        0  usart.o(i.fputc)
    i.init_wave_buffer                       0x08003240   Section        0  main.o(i.init_wave_buffer)
    i.key_init                               0x08003270   Section        0  key.o(i.key_init)
    i.key_scan                               0x08003360   Section        0  key.o(i.key_scan)
    i.lcd_clear                              0x08003424   Section        0  lcd.o(i.lcd_clear)
    i.lcd_display_dir                        0x08003458   Section        0  lcd.o(i.lcd_display_dir)
    i.lcd_draw_line                          0x080035c4   Section        0  lcd.o(i.lcd_draw_line)
    i.lcd_draw_point                         0x08003670   Section        0  lcd.o(i.lcd_draw_point)
    i.lcd_ex_ili9341_reginit                 0x08003690   Section        0  lcd.o(i.lcd_ex_ili9341_reginit)
    i.lcd_ex_ili9806_reginit                 0x080038bc   Section        0  lcd.o(i.lcd_ex_ili9806_reginit)
    i.lcd_ex_nt35310_reginit                 0x08003bfc   Section        0  lcd.o(i.lcd_ex_nt35310_reginit)
    i.lcd_ex_nt35510_reginit                 0x08004aee   Section        0  lcd.o(i.lcd_ex_nt35510_reginit)
    i.lcd_ex_ssd1963_reginit                 0x080059ea   Section        0  lcd.o(i.lcd_ex_ssd1963_reginit)
    i.lcd_ex_st7789_reginit                  0x08005b58   Section        0  lcd.o(i.lcd_ex_st7789_reginit)
    i.lcd_ex_st7796_reginit                  0x08005d00   Section        0  lcd.o(i.lcd_ex_st7796_reginit)
    i.lcd_fill                               0x08005ec8   Section        0  lcd.o(i.lcd_fill)
    i.lcd_init                               0x08005f1c   Section        0  lcd.o(i.lcd_init)
    i.lcd_opt_delay                          0x08006384   Section        0  lcd.o(i.lcd_opt_delay)
    lcd_opt_delay                            0x08006385   Thumb Code    12  lcd.o(i.lcd_opt_delay)
    i.lcd_pow                                0x08006390   Section        0  lcd.o(i.lcd_pow)
    lcd_pow                                  0x08006391   Thumb Code    22  lcd.o(i.lcd_pow)
    i.lcd_rd_data                            0x080063a8   Section        0  lcd.o(i.lcd_rd_data)
    lcd_rd_data                              0x080063a9   Thumb Code    20  lcd.o(i.lcd_rd_data)
    i.lcd_scan_dir                           0x080063c0   Section        0  lcd.o(i.lcd_scan_dir)
    i.lcd_set_cursor                         0x080065fc   Section        0  lcd.o(i.lcd_set_cursor)
    i.lcd_show_char                          0x0800671c   Section        0  lcd.o(i.lcd_show_char)
    i.lcd_show_num                           0x0800685c   Section        0  lcd.o(i.lcd_show_num)
    i.lcd_show_string                        0x080068f4   Section        0  lcd.o(i.lcd_show_string)
    i.lcd_ssd_backlight_set                  0x08006960   Section        0  lcd.o(i.lcd_ssd_backlight_set)
    i.lcd_wr_data                            0x080069b4   Section        0  lcd.o(i.lcd_wr_data)
    i.lcd_wr_regno                           0x080069cc   Section        0  lcd.o(i.lcd_wr_regno)
    i.lcd_write_ram_prepare                  0x080069e4   Section        0  lcd.o(i.lcd_write_ram_prepare)
    i.lcd_write_reg                          0x080069f8   Section        0  lcd.o(i.lcd_write_reg)
    i.led_init                               0x08006a08   Section        0  led.o(i.led_init)
    i.main                                   0x08006a98   Section        0  main.o(i.main)
    i.redraw_x_axis                          0x08006dd4   Section        0  main.o(i.redraw_x_axis)
    i.run_sine_wave                          0x08006e1c   Section        0  main.o(i.run_sine_wave)
    i.set_amplitude                          0x08006e88   Section        0  main.o(i.set_amplitude)
    i.set_frequency                          0x08006e94   Section        0  main.o(i.set_frequency)
    i.shift_wave_buffer                      0x08006ea0   Section        0  main.o(i.shift_wave_buffer)
    i.show_parameters                        0x08006f1c   Section        0  main.o(i.show_parameters)
    i.sine_wave_demo                         0x08006f98   Section        0  main.o(i.sine_wave_demo)
    i.sinf                                   0x08006fb4   Section        0  sinf.o(i.sinf)
    i.sys_stm32_clock_init                   0x0800713c   Section        0  sys.o(i.sys_stm32_clock_init)
    i.usart_init                             0x080071a4   Section        0  usart.o(i.usart_init)
    locale$$code                             0x080071dc   Section       44  lc_numeric_c.o(locale$$code)
    x$fpl$dfixu                              0x08007208   Section       90  dfixu.o(x$fpl$dfixu)
    x$fpl$dfltu                              0x08007262   Section       38  dflt_clz.o(x$fpl$dfltu)
    x$fpl$dmul                               0x08007288   Section      340  dmul.o(x$fpl$dmul)
    x$fpl$dnaninf                            0x080073dc   Section      156  dnaninf.o(x$fpl$dnaninf)
    x$fpl$dretinf                            0x08007478   Section       12  dretinf.o(x$fpl$dretinf)
    x$fpl$f2d                                0x08007484   Section       86  f2d.o(x$fpl$f2d)
    x$fpl$fadd                               0x080074dc   Section      196  faddsub_clz.o(x$fpl$fadd)
    _fadd1                                   0x080074eb   Thumb Code     0  faddsub_clz.o(x$fpl$fadd)
    x$fpl$fcheck1                            0x080075a0   Section       12  fcheck1.o(x$fpl$fcheck1)
    x$fpl$fcmpinf                            0x080075ac   Section       24  fcmpi.o(x$fpl$fcmpinf)
    x$fpl$fdiv                               0x080075c4   Section      388  fdiv.o(x$fpl$fdiv)
    _fdiv1                                   0x080075c5   Thumb Code     0  fdiv.o(x$fpl$fdiv)
    x$fpl$ffix                               0x08007748   Section       54  ffix.o(x$fpl$ffix)
    x$fpl$ffixu                              0x08007780   Section       62  ffixu.o(x$fpl$ffixu)
    x$fpl$fflt                               0x080077c0   Section       48  fflt_clz.o(x$fpl$fflt)
    x$fpl$ffltu                              0x080077f0   Section       38  fflt_clz.o(x$fpl$ffltu)
    x$fpl$fleqf                              0x08007818   Section      104  fleqf.o(x$fpl$fleqf)
    x$fpl$fmul                               0x08007880   Section      258  fmul.o(x$fpl$fmul)
    x$fpl$fnaninf                            0x08007982   Section      140  fnaninf.o(x$fpl$fnaninf)
    x$fpl$fretinf                            0x08007a0e   Section       10  fretinf.o(x$fpl$fretinf)
    x$fpl$frleqf                             0x08007a18   Section       98  frleqf.o(x$fpl$frleqf)
    x$fpl$frnd                               0x08007a7c   Section       96  frnd.o(x$fpl$frnd)
    x$fpl$frsb                               0x08007adc   Section       20  faddsub_clz.o(x$fpl$frsb)
    x$fpl$fsub                               0x08007af0   Section      234  faddsub_clz.o(x$fpl$fsub)
    _fsub1                                   0x08007aff   Thumb Code     0  faddsub_clz.o(x$fpl$fsub)
    x$fpl$printf1                            0x08007bda   Section        4  printf1.o(x$fpl$printf1)
    x$fpl$retnan                             0x08007bde   Section      100  retnan.o(x$fpl$retnan)
    x$fpl$scalbnf                            0x08007c42   Section       76  scalbnf.o(x$fpl$scalbnf)
    x$fpl$trapveneer                         0x08007c8e   Section       48  trapv.o(x$fpl$trapveneer)
    .constdata                               0x08007cbe   Section        7  main.o(.constdata)
    x$fpl$usenofp                            0x08007cbe   Section        0  usenofp.o(x$fpl$usenofp)
    .constdata                               0x08007cc5   Section       24  system_stm32f1xx.o(.constdata)
    .constdata                               0x08007cdd   Section    12160  lcd.o(.constdata)
    .constdata                               0x0800ac5d   Section       40  _printf_hex_int.o(.constdata)
    uc_hextab                                0x0800ac5d   Data          20  _printf_hex_int.o(.constdata)
    lc_hextab                                0x0800ac71   Data          20  _printf_hex_int.o(.constdata)
    .constdata                               0x0800ac85   Section       17  __printf_flags_wp.o(.constdata)
    maptable                                 0x0800ac85   Data          17  __printf_flags_wp.o(.constdata)
    .constdata                               0x0800ac98   Section       32  rredf.o(.constdata)
    twooverpi                                0x0800ac98   Data          32  rredf.o(.constdata)
    .constdata                               0x0800acb8   Section      148  bigflt0.o(.constdata)
    tenpwrs_x                                0x0800acb8   Data          60  bigflt0.o(.constdata)
    tenpwrs_i                                0x0800acf4   Data          64  bigflt0.o(.constdata)
    locale$$data                             0x0800ad6c   Section       28  lc_numeric_c.o(locale$$data)
    __lcnum_c_name                           0x0800ad70   Data           2  lc_numeric_c.o(locale$$data)
    __lcnum_c_start                          0x0800ad78   Data           0  lc_numeric_c.o(locale$$data)
    __lcnum_c_point                          0x0800ad84   Data           0  lc_numeric_c.o(locale$$data)
    __lcnum_c_thousands                      0x0800ad86   Data           0  lc_numeric_c.o(locale$$data)
    __lcnum_c_grouping                       0x0800ad87   Data           0  lc_numeric_c.o(locale$$data)
    __lcnum_c_end                            0x0800ad88   Data           0  lc_numeric_c.o(locale$$data)
    .data                                    0x20000000   Section       17  main.o(.data)
    .data                                    0x20000014   Section        4  system_stm32f1xx.o(.data)
    .data                                    0x20000018   Section        4  delay.o(.data)
    g_fac_us                                 0x20000018   Data           4  delay.o(.data)
    .data                                    0x2000001c   Section        7  usart.o(.data)
    .data                                    0x20000024   Section        9  stm32f1xx_hal.o(.data)
    .data                                    0x20000030   Section        8  lcd.o(.data)
    .data                                    0x20000038   Section        1  key.o(.data)
    key_up                                   0x20000038   Data           1  key.o(.data)
    .data                                    0x20000039   Section        1  adc.o(.data)
    .bss                                     0x2000003c   Section     2728  main.o(.bss)
    .bss                                     0x20000ae4   Section      264  usart.o(.bss)
    .bss                                     0x20000bec   Section       86  lcd.o(.bss)
    .bss                                     0x20000c44   Section       68  dma.o(.bss)
    .bss                                     0x20000c88   Section       96  libspace.o(.bss)
    HEAP                                     0x20000ce8   Section      512  startup_stm32f103xe.o(HEAP)
    Heap_Mem                                 0x20000ce8   Data         512  startup_stm32f103xe.o(HEAP)
    STACK                                    0x20000ee8   Section     1024  startup_stm32f103xe.o(STACK)
    Stack_Mem                                0x20000ee8   Data        1024  startup_stm32f103xe.o(STACK)
    __initial_sp                             0x200012e8   Data           0  startup_stm32f103xe.o(STACK)

    Global Symbols

    Symbol Name                              Value     Ov Type        Size  Object(Section)

    BuildAttributes$$THM_ISAv4$P$D$K$B$S$PE$A:L22UL41UL21$X:L11$S22US41US21$IEEE1$IW$USESV6$~STKCKD$USESV7$~SHL$OTIME$ROPI$IEEEX$EBA8$UX$STANDARDLIB$REQ8$PRES8$EABIv2 0x00000000   Number         0  anon$$obj.o ABSOLUTE
    __ARM_use_no_argv                        0x00000000   Number         0  main.o ABSOLUTE
    _printf_flags                            0x00000000   Number         0  printf_stubs.o ABSOLUTE
    _printf_return_value                     0x00000000   Number         0  printf_stubs.o ABSOLUTE
    _printf_sizespec                         0x00000000   Number         0  printf_stubs.o ABSOLUTE
    _printf_widthprec                        0x00000000   Number         0  printf_stubs.o ABSOLUTE
    __ARM_exceptions_init                     - Undefined Weak Reference
    __alloca_initialize                       - Undefined Weak Reference
    __arm_preinit_                            - Undefined Weak Reference
    __cpp_initialize__aeabi_                  - Undefined Weak Reference
    __cxa_finalize                            - Undefined Weak Reference
    __sigvec_lookup                           - Undefined Weak Reference
    _atexit_init                              - Undefined Weak Reference
    _call_atexit_fns                          - Undefined Weak Reference
    _clock_init                               - Undefined Weak Reference
    _fp_trap_init                             - Undefined Weak Reference
    _fp_trap_shutdown                         - Undefined Weak Reference
    _get_lc_collate                           - Undefined Weak Reference
    _get_lc_ctype                             - Undefined Weak Reference
    _get_lc_monetary                          - Undefined Weak Reference
    _get_lc_time                              - Undefined Weak Reference
    _getenv_init                              - Undefined Weak Reference
    _handle_redirection                       - Undefined Weak Reference
    _init_alloc                               - Undefined Weak Reference
    _init_user_alloc                          - Undefined Weak Reference
    _initio                                   - Undefined Weak Reference
    _mutex_acquire                            - Undefined Weak Reference
    _mutex_release                            - Undefined Weak Reference
    _printf_mbtowc                            - Undefined Weak Reference
    _printf_post_padding                      - Undefined Weak Reference
    _printf_pre_padding                       - Undefined Weak Reference
    _printf_truncate_signed                   - Undefined Weak Reference
    _printf_truncate_unsigned                 - Undefined Weak Reference
    _rand_init                                - Undefined Weak Reference
    _signal_finish                            - Undefined Weak Reference
    _signal_init                              - Undefined Weak Reference
    _terminate_alloc                          - Undefined Weak Reference
    _terminate_user_alloc                     - Undefined Weak Reference
    _terminateio                              - Undefined Weak Reference
    __Vectors_Size                           0x00000130   Number         0  startup_stm32f103xe.o ABSOLUTE
    __Vectors                                0x08000000   Data           4  startup_stm32f103xe.o(RESET)
    __Vectors_End                            0x08000130   Data           0  startup_stm32f103xe.o(RESET)
    __main                                   0x08000131   Thumb Code     8  __main.o(!!!main)
    __scatterload                            0x08000139   Thumb Code     0  __scatter.o(!!!scatter)
    __scatterload_rt2                        0x08000139   Thumb Code    44  __scatter.o(!!!scatter)
    __scatterload_rt2_thumb_only             0x08000139   Thumb Code     0  __scatter.o(!!!scatter)
    __scatterload_null                       0x08000147   Thumb Code     0  __scatter.o(!!!scatter)
    __scatterload_copy                       0x0800016d   Thumb Code    26  __scatter_copy.o(!!handler_copy)
    __scatterload_zeroinit                   0x08000189   Thumb Code    28  __scatter_zi.o(!!handler_zi)
    _printf_f                                0x080001a5   Thumb Code     0  _printf_f.o(.ARM.Collect$$_printf_percent$$00000003)
    _printf_percent                          0x080001a5   Thumb Code     0  _printf_percent.o(.ARM.Collect$$_printf_percent$$00000000)
    _printf_x                                0x080001ab   Thumb Code     0  _printf_x.o(.ARM.Collect$$_printf_percent$$0000000C)
    _printf_percent_end                      0x080001b1   Thumb Code     0  _printf_percent_end.o(.ARM.Collect$$_printf_percent$$00000017)
    __rt_lib_init                            0x080001b5   Thumb Code     0  libinit.o(.ARM.Collect$$libinit$$00000000)
    __rt_lib_init_fp_1                       0x080001b7   Thumb Code     0  libinit2.o(.ARM.Collect$$libinit$$00000002)
    __rt_lib_init_heap_1                     0x080001b7   Thumb Code     0  libinit2.o(.ARM.Collect$$libinit$$0000000A)
    __rt_lib_init_lc_common                  0x080001b7   Thumb Code     0  libinit2.o(.ARM.Collect$$libinit$$0000000F)
    __rt_lib_init_preinit_1                  0x080001b7   Thumb Code     0  libinit2.o(.ARM.Collect$$libinit$$00000004)
    __rt_lib_init_rand_1                     0x080001b7   Thumb Code     0  libinit2.o(.ARM.Collect$$libinit$$0000000E)
    __rt_lib_init_user_alloc_1               0x080001b7   Thumb Code     0  libinit2.o(.ARM.Collect$$libinit$$0000000C)
    __rt_lib_init_lc_collate_1               0x080001bd   Thumb Code     0  libinit2.o(.ARM.Collect$$libinit$$00000011)
    __rt_lib_init_lc_ctype_1                 0x080001bd   Thumb Code     0  libinit2.o(.ARM.Collect$$libinit$$00000013)
    __rt_lib_init_lc_monetary_1              0x080001bd   Thumb Code     0  libinit2.o(.ARM.Collect$$libinit$$00000015)
    __rt_lib_init_lc_numeric_2               0x080001bd   Thumb Code     0  libinit2.o(.ARM.Collect$$libinit$$00000016)
    __rt_lib_init_alloca_1                   0x080001c7   Thumb Code     0  libinit2.o(.ARM.Collect$$libinit$$0000002E)
    __rt_lib_init_argv_1                     0x080001c7   Thumb Code     0  libinit2.o(.ARM.Collect$$libinit$$0000002C)
    __rt_lib_init_atexit_1                   0x080001c7   Thumb Code     0  libinit2.o(.ARM.Collect$$libinit$$0000001B)
    __rt_lib_init_clock_1                    0x080001c7   Thumb Code     0  libinit2.o(.ARM.Collect$$libinit$$00000021)
    __rt_lib_init_cpp_1                      0x080001c7   Thumb Code     0  libinit2.o(.ARM.Collect$$libinit$$00000032)
    __rt_lib_init_exceptions_1               0x080001c7   Thumb Code     0  libinit2.o(.ARM.Collect$$libinit$$00000030)
    __rt_lib_init_fp_trap_1                  0x080001c7   Thumb Code     0  libinit2.o(.ARM.Collect$$libinit$$0000001F)
    __rt_lib_init_getenv_1                   0x080001c7   Thumb Code     0  libinit2.o(.ARM.Collect$$libinit$$00000023)
    __rt_lib_init_lc_numeric_1               0x080001c7   Thumb Code     0  libinit2.o(.ARM.Collect$$libinit$$00000017)
    __rt_lib_init_lc_time_1                  0x080001c7   Thumb Code     0  libinit2.o(.ARM.Collect$$libinit$$00000019)
    __rt_lib_init_return                     0x080001c7   Thumb Code     0  libinit2.o(.ARM.Collect$$libinit$$00000033)
    __rt_lib_init_signal_1                   0x080001c7   Thumb Code     0  libinit2.o(.ARM.Collect$$libinit$$0000001D)
    __rt_lib_init_stdio_1                    0x080001c7   Thumb Code     0  libinit2.o(.ARM.Collect$$libinit$$00000025)
    __rt_lib_shutdown                        0x080001c9   Thumb Code     0  libshutdown.o(.ARM.Collect$$libshutdown$$00000000)
    __rt_lib_shutdown_fp_trap_1              0x080001cb   Thumb Code     0  libshutdown2.o(.ARM.Collect$$libshutdown$$00000006)
    __rt_lib_shutdown_heap_1                 0x080001cb   Thumb Code     0  libshutdown2.o(.ARM.Collect$$libshutdown$$0000000E)
    __rt_lib_shutdown_return                 0x080001cb   Thumb Code     0  libshutdown2.o(.ARM.Collect$$libshutdown$$0000000F)
    __rt_lib_shutdown_signal_1               0x080001cb   Thumb Code     0  libshutdown2.o(.ARM.Collect$$libshutdown$$00000009)
    __rt_lib_shutdown_stdio_1                0x080001cb   Thumb Code     0  libshutdown2.o(.ARM.Collect$$libshutdown$$00000003)
    __rt_lib_shutdown_user_alloc_1           0x080001cb   Thumb Code     0  libshutdown2.o(.ARM.Collect$$libshutdown$$0000000B)
    __rt_entry                               0x080001cd   Thumb Code     0  __rtentry.o(.ARM.Collect$$rtentry$$00000000)
    __rt_entry_presh_1                       0x080001cd   Thumb Code     0  __rtentry2.o(.ARM.Collect$$rtentry$$00000002)
    __rt_entry_sh                            0x080001cd   Thumb Code     0  __rtentry4.o(.ARM.Collect$$rtentry$$00000004)
    __rt_entry_li                            0x080001d3   Thumb Code     0  __rtentry2.o(.ARM.Collect$$rtentry$$0000000A)
    __rt_entry_postsh_1                      0x080001d3   Thumb Code     0  __rtentry2.o(.ARM.Collect$$rtentry$$00000009)
    __rt_entry_main                          0x080001d7   Thumb Code     0  __rtentry2.o(.ARM.Collect$$rtentry$$0000000D)
    __rt_entry_postli_1                      0x080001d7   Thumb Code     0  __rtentry2.o(.ARM.Collect$$rtentry$$0000000C)
    __rt_exit                                0x080001df   Thumb Code     0  rtexit.o(.ARM.Collect$$rtexit$$00000000)
    __rt_exit_ls                             0x080001e1   Thumb Code     0  rtexit2.o(.ARM.Collect$$rtexit$$00000003)
    __rt_exit_prels_1                        0x080001e1   Thumb Code     0  rtexit2.o(.ARM.Collect$$rtexit$$00000002)
    __rt_exit_exit                           0x080001e5   Thumb Code     0  rtexit2.o(.ARM.Collect$$rtexit$$00000004)
    Reset_Handler                            0x080001ed   Thumb Code     8  startup_stm32f103xe.o(.text)
    ADC1_2_IRQHandler                        0x08000207   Thumb Code     0  startup_stm32f103xe.o(.text)
    ADC3_IRQHandler                          0x08000207   Thumb Code     0  startup_stm32f103xe.o(.text)
    CAN1_RX1_IRQHandler                      0x08000207   Thumb Code     0  startup_stm32f103xe.o(.text)
    CAN1_SCE_IRQHandler                      0x08000207   Thumb Code     0  startup_stm32f103xe.o(.text)
    DMA1_Channel2_IRQHandler                 0x08000207   Thumb Code     0  startup_stm32f103xe.o(.text)
    DMA1_Channel3_IRQHandler                 0x08000207   Thumb Code     0  startup_stm32f103xe.o(.text)
    DMA1_Channel4_IRQHandler                 0x08000207   Thumb Code     0  startup_stm32f103xe.o(.text)
    DMA1_Channel5_IRQHandler                 0x08000207   Thumb Code     0  startup_stm32f103xe.o(.text)
    DMA1_Channel6_IRQHandler                 0x08000207   Thumb Code     0  startup_stm32f103xe.o(.text)
    DMA1_Channel7_IRQHandler                 0x08000207   Thumb Code     0  startup_stm32f103xe.o(.text)
    DMA2_Channel1_IRQHandler                 0x08000207   Thumb Code     0  startup_stm32f103xe.o(.text)
    DMA2_Channel2_IRQHandler                 0x08000207   Thumb Code     0  startup_stm32f103xe.o(.text)
    DMA2_Channel3_IRQHandler                 0x08000207   Thumb Code     0  startup_stm32f103xe.o(.text)
    DMA2_Channel4_5_IRQHandler               0x08000207   Thumb Code     0  startup_stm32f103xe.o(.text)
    EXTI0_IRQHandler                         0x08000207   Thumb Code     0  startup_stm32f103xe.o(.text)
    EXTI15_10_IRQHandler                     0x08000207   Thumb Code     0  startup_stm32f103xe.o(.text)
    EXTI1_IRQHandler                         0x08000207   Thumb Code     0  startup_stm32f103xe.o(.text)
    EXTI2_IRQHandler                         0x08000207   Thumb Code     0  startup_stm32f103xe.o(.text)
    EXTI3_IRQHandler                         0x08000207   Thumb Code     0  startup_stm32f103xe.o(.text)
    EXTI4_IRQHandler                         0x08000207   Thumb Code     0  startup_stm32f103xe.o(.text)
    EXTI9_5_IRQHandler                       0x08000207   Thumb Code     0  startup_stm32f103xe.o(.text)
    FLASH_IRQHandler                         0x08000207   Thumb Code     0  startup_stm32f103xe.o(.text)
    FSMC_IRQHandler                          0x08000207   Thumb Code     0  startup_stm32f103xe.o(.text)
    I2C1_ER_IRQHandler                       0x08000207   Thumb Code     0  startup_stm32f103xe.o(.text)
    I2C1_EV_IRQHandler                       0x08000207   Thumb Code     0  startup_stm32f103xe.o(.text)
    I2C2_ER_IRQHandler                       0x08000207   Thumb Code     0  startup_stm32f103xe.o(.text)
    I2C2_EV_IRQHandler                       0x08000207   Thumb Code     0  startup_stm32f103xe.o(.text)
    PVD_IRQHandler                           0x08000207   Thumb Code     0  startup_stm32f103xe.o(.text)
    RCC_IRQHandler                           0x08000207   Thumb Code     0  startup_stm32f103xe.o(.text)
    RTC_Alarm_IRQHandler                     0x08000207   Thumb Code     0  startup_stm32f103xe.o(.text)
    RTC_IRQHandler                           0x08000207   Thumb Code     0  startup_stm32f103xe.o(.text)
    SDIO_IRQHandler                          0x08000207   Thumb Code     0  startup_stm32f103xe.o(.text)
    SPI1_IRQHandler                          0x08000207   Thumb Code     0  startup_stm32f103xe.o(.text)
    SPI2_IRQHandler                          0x08000207   Thumb Code     0  startup_stm32f103xe.o(.text)
    SPI3_IRQHandler                          0x08000207   Thumb Code     0  startup_stm32f103xe.o(.text)
    TAMPER_IRQHandler                        0x08000207   Thumb Code     0  startup_stm32f103xe.o(.text)
    TIM1_BRK_IRQHandler                      0x08000207   Thumb Code     0  startup_stm32f103xe.o(.text)
    TIM1_CC_IRQHandler                       0x08000207   Thumb Code     0  startup_stm32f103xe.o(.text)
    TIM1_TRG_COM_IRQHandler                  0x08000207   Thumb Code     0  startup_stm32f103xe.o(.text)
    TIM1_UP_IRQHandler                       0x08000207   Thumb Code     0  startup_stm32f103xe.o(.text)
    TIM2_IRQHandler                          0x08000207   Thumb Code     0  startup_stm32f103xe.o(.text)
    TIM3_IRQHandler                          0x08000207   Thumb Code     0  startup_stm32f103xe.o(.text)
    TIM4_IRQHandler                          0x08000207   Thumb Code     0  startup_stm32f103xe.o(.text)
    TIM5_IRQHandler                          0x08000207   Thumb Code     0  startup_stm32f103xe.o(.text)
    TIM6_IRQHandler                          0x08000207   Thumb Code     0  startup_stm32f103xe.o(.text)
    TIM7_IRQHandler                          0x08000207   Thumb Code     0  startup_stm32f103xe.o(.text)
    TIM8_BRK_IRQHandler                      0x08000207   Thumb Code     0  startup_stm32f103xe.o(.text)
    TIM8_CC_IRQHandler                       0x08000207   Thumb Code     0  startup_stm32f103xe.o(.text)
    TIM8_TRG_COM_IRQHandler                  0x08000207   Thumb Code     0  startup_stm32f103xe.o(.text)
    TIM8_UP_IRQHandler                       0x08000207   Thumb Code     0  startup_stm32f103xe.o(.text)
    UART4_IRQHandler                         0x08000207   Thumb Code     0  startup_stm32f103xe.o(.text)
    UART5_IRQHandler                         0x08000207   Thumb Code     0  startup_stm32f103xe.o(.text)
    USART2_IRQHandler                        0x08000207   Thumb Code     0  startup_stm32f103xe.o(.text)
    USART3_IRQHandler                        0x08000207   Thumb Code     0  startup_stm32f103xe.o(.text)
    USBWakeUp_IRQHandler                     0x08000207   Thumb Code     0  startup_stm32f103xe.o(.text)
    USB_HP_CAN1_TX_IRQHandler                0x08000207   Thumb Code     0  startup_stm32f103xe.o(.text)
    USB_LP_CAN1_RX0_IRQHandler               0x08000207   Thumb Code     0  startup_stm32f103xe.o(.text)
    WWDG_IRQHandler                          0x08000207   Thumb Code     0  startup_stm32f103xe.o(.text)
    __user_initial_stackheap                 0x08000209   Thumb Code     0  startup_stm32f103xe.o(.text)
    __use_no_semihosting                     0x0800022d   Thumb Code     2  use_no_semi_2.o(.text)
    __2printf                                0x08000231   Thumb Code    20  noretval__2printf.o(.text)
    __2sprintf                               0x08000249   Thumb Code    34  noretval__2sprintf.o(.text)
    _printf_int_hex                          0x08000271   Thumb Code    84  _printf_hex_int.o(.text)
    _printf_longlong_hex                     0x08000271   Thumb Code     0  _printf_hex_int.o(.text)
    __printf                                 0x080002c9   Thumb Code   308  __printf_flags_wp.o(.text)
    __aeabi_memclr4                          0x08000401   Thumb Code     0  rt_memclr_w.o(.text)
    __aeabi_memclr8                          0x08000401   Thumb Code     0  rt_memclr_w.o(.text)
    __rt_memclr_w                            0x08000401   Thumb Code    78  rt_memclr_w.o(.text)
    _memset_w                                0x08000405   Thumb Code     0  rt_memclr_w.o(.text)
    strcmp                                   0x08000451   Thumb Code   128  strcmpv7m.o(.text)
    __use_two_region_memory                  0x080004d1   Thumb Code     2  heapauxi.o(.text)
    __rt_heap_escrow$2region                 0x080004d3   Thumb Code     2  heapauxi.o(.text)
    __rt_heap_expand$2region                 0x080004d5   Thumb Code     2  heapauxi.o(.text)
    __semihosting$guard                      0x080004d7   Thumb Code     0  use_no_semi.o(.text)
    __use_no_semihosting_swi                 0x080004d7   Thumb Code     2  use_no_semi.o(.text)
    __read_errno                             0x080004d9   Thumb Code    10  _rserrno.o(.text)
    __set_errno                              0x080004e3   Thumb Code    12  _rserrno.o(.text)
    _printf_int_common                       0x080004ef   Thumb Code   178  _printf_intcommon.o(.text)
    __lib_sel_fp_printf                      0x080005a1   Thumb Code     2  _printf_fp_dec.o(.text)
    _printf_fp_dec_real                      0x0800074f   Thumb Code   620  _printf_fp_dec.o(.text)
    _printf_char_common                      0x080009c7   Thumb Code    32  _printf_char_common.o(.text)
    _sputc                                   0x080009ed   Thumb Code    10  _sputc.o(.text)
    _printf_char_file                        0x080009f9   Thumb Code    32  _printf_char_file.o(.text)
    __rt_locale                              0x08000a1d   Thumb Code     8  rt_locale_intlibspace.o(.text)
    __aeabi_errno_addr                       0x08000a25   Thumb Code     8  rt_errno_addr_intlibspace.o(.text)
    __errno$intlibspace                      0x08000a25   Thumb Code     0  rt_errno_addr_intlibspace.o(.text)
    __rt_errno_addr$intlibspace              0x08000a25   Thumb Code     0  rt_errno_addr_intlibspace.o(.text)
    _ll_udiv10                               0x08000a2d   Thumb Code   138  lludiv10.o(.text)
    _printf_fp_infnan                        0x08000ab9   Thumb Code   112  _printf_fp_infnan.o(.text)
    _btod_etento                             0x08000b39   Thumb Code   216  bigflt0.o(.text)
    ferror                                   0x08000c15   Thumb Code     8  ferror.o(.text)
    __user_libspace                          0x08000c1d   Thumb Code     8  libspace.o(.text)
    __user_perproc_libspace                  0x08000c1d   Thumb Code     0  libspace.o(.text)
    __user_perthread_libspace                0x08000c1d   Thumb Code     0  libspace.o(.text)
    __user_setup_stackheap                   0x08000c25   Thumb Code    74  sys_stackheap_outer.o(.text)
    exit                                     0x08000c6f   Thumb Code    12  exit.o(.text)
    _btod_d2e                                0x08000c7b   Thumb Code    62  btod.o(CL$$btod_d2e)
    _d2e_denorm_low                          0x08000cb9   Thumb Code    70  btod.o(CL$$btod_d2e_denorm_low)
    _d2e_norm_op1                            0x08000cff   Thumb Code    96  btod.o(CL$$btod_d2e_norm_op1)
    __btod_div_common                        0x08000d5f   Thumb Code   696  btod.o(CL$$btod_div_common)
    _e2e                                     0x08001097   Thumb Code   198  btod.o(CL$$btod_e2e)
    _btod_ediv                               0x0800115d   Thumb Code    40  btod.o(CL$$btod_ediv)
    _btod_emul                               0x08001185   Thumb Code    40  btod.o(CL$$btod_emul)
    __btod_mult_common                       0x080011ad   Thumb Code   580  btod.o(CL$$btod_mult_common)
    BusFault_Handler                         0x080013f1   Thumb Code     4  stm32f1xx_it.o(i.BusFault_Handler)
    DMA1_Channel1_IRQHandler                 0x080013f5   Thumb Code    34  adc.o(i.DMA1_Channel1_IRQHandler)
    DebugMon_Handler                         0x0800144d   Thumb Code     2  stm32f1xx_it.o(i.DebugMon_Handler)
    FSMC_NORSRAM_Extended_Timing_Init        0x08001451   Thumb Code    62  stm32f1xx_ll_fsmc.o(i.FSMC_NORSRAM_Extended_Timing_Init)
    FSMC_NORSRAM_Init                        0x08001495   Thumb Code   116  stm32f1xx_ll_fsmc.o(i.FSMC_NORSRAM_Init)
    FSMC_NORSRAM_Timing_Init                 0x0800150d   Thumb Code    66  stm32f1xx_ll_fsmc.o(i.FSMC_NORSRAM_Timing_Init)
    HAL_DMA_Abort                            0x0800154f   Thumb Code    86  stm32f1xx_hal_dma.o(i.HAL_DMA_Abort)
    HAL_DMA_Abort_IT                         0x080015a5   Thumb Code   414  stm32f1xx_hal_dma.o(i.HAL_DMA_Abort_IT)
    HAL_DMA_Init                             0x0800174d   Thumb Code   132  stm32f1xx_hal_dma.o(i.HAL_DMA_Init)
    HAL_DMA_Start_IT                         0x080017d9   Thumb Code   156  stm32f1xx_hal_dma.o(i.HAL_DMA_Start_IT)
    HAL_GPIO_Init                            0x08001875   Thumb Code   792  stm32f1xx_hal_gpio.o(i.HAL_GPIO_Init)
    HAL_GPIO_ReadPin                         0x08001bb5   Thumb Code    16  stm32f1xx_hal_gpio.o(i.HAL_GPIO_ReadPin)
    HAL_GPIO_WritePin                        0x08001bc5   Thumb Code    12  stm32f1xx_hal_gpio.o(i.HAL_GPIO_WritePin)
    HAL_GetTick                              0x08001bd1   Thumb Code     6  stm32f1xx_hal.o(i.HAL_GetTick)
    HAL_IncTick                              0x08001bdd   Thumb Code    16  stm32f1xx_hal.o(i.HAL_IncTick)
    HAL_Init                                 0x08001bf5   Thumb Code    34  stm32f1xx_hal.o(i.HAL_Init)
    HAL_InitTick                             0x08001c1d   Thumb Code    64  stm32f1xx_hal.o(i.HAL_InitTick)
    HAL_MspInit                              0x08001c69   Thumb Code     2  stm32f1xx_hal.o(i.HAL_MspInit)
    HAL_NVIC_EnableIRQ                       0x08001c6b   Thumb Code    32  stm32f1xx_hal_cortex.o(i.HAL_NVIC_EnableIRQ)
    HAL_NVIC_SetPriority                     0x08001c8b   Thumb Code   124  stm32f1xx_hal_cortex.o(i.HAL_NVIC_SetPriority)
    HAL_NVIC_SetPriorityGrouping             0x08001d09   Thumb Code    32  stm32f1xx_hal_cortex.o(i.HAL_NVIC_SetPriorityGrouping)
    HAL_RCC_ClockConfig                      0x08001d31   Thumb Code   376  stm32f1xx_hal_rcc.o(i.HAL_RCC_ClockConfig)
    HAL_RCC_GetHCLKFreq                      0x08001ebd   Thumb Code     6  stm32f1xx_hal_rcc.o(i.HAL_RCC_GetHCLKFreq)
    HAL_RCC_GetPCLK1Freq                     0x08001ec9   Thumb Code    22  stm32f1xx_hal_rcc.o(i.HAL_RCC_GetPCLK1Freq)
    HAL_RCC_GetPCLK2Freq                     0x08001ee9   Thumb Code    22  stm32f1xx_hal_rcc.o(i.HAL_RCC_GetPCLK2Freq)
    HAL_RCC_GetSysClockFreq                  0x08001f09   Thumb Code   116  stm32f1xx_hal_rcc.o(i.HAL_RCC_GetSysClockFreq)
    HAL_RCC_OscConfig                        0x08001f9d   Thumb Code  1114  stm32f1xx_hal_rcc.o(i.HAL_RCC_OscConfig)
    HAL_SRAM_Init                            0x08002401   Thumb Code   102  stm32f1xx_hal_sram.o(i.HAL_SRAM_Init)
    HAL_SRAM_MspInit                         0x08002469   Thumb Code   130  lcd.o(i.HAL_SRAM_MspInit)
    HAL_SYSTICK_Config                       0x080024f9   Thumb Code    52  stm32f1xx_hal_cortex.o(i.HAL_SYSTICK_Config)
    HAL_UART_DMAStop                         0x0800252d   Thumb Code   102  stm32f1xx_hal_uart.o(i.HAL_UART_DMAStop)
    HAL_UART_ErrorCallback                   0x08002593   Thumb Code     2  stm32f1xx_hal_uart.o(i.HAL_UART_ErrorCallback)
    HAL_UART_IRQHandler                      0x08002595   Thumb Code   334  stm32f1xx_hal_uart.o(i.HAL_UART_IRQHandler)
    HAL_UART_Init                            0x080026e9   Thumb Code   114  stm32f1xx_hal_uart.o(i.HAL_UART_Init)
    HAL_UART_MspInit                         0x0800275d   Thumb Code   168  usart.o(i.HAL_UART_MspInit)
    HAL_UART_Receive_IT                      0x08002811   Thumb Code   112  stm32f1xx_hal_uart.o(i.HAL_UART_Receive_IT)
    HAL_UART_RxCpltCallback                  0x08002881   Thumb Code   134  usart.o(i.HAL_UART_RxCpltCallback)
    HAL_UART_Transmit_DMA                    0x0800291d   Thumb Code   142  stm32f1xx_hal_uart.o(i.HAL_UART_Transmit_DMA)
    HAL_UART_TxCpltCallback                  0x080029b9   Thumb Code     2  stm32f1xx_hal_uart.o(i.HAL_UART_TxCpltCallback)
    HAL_UART_TxHalfCpltCallback              0x080029bb   Thumb Code     2  stm32f1xx_hal_uart.o(i.HAL_UART_TxHalfCpltCallback)
    HardFault_Handler                        0x080029bd   Thumb Code     4  stm32f1xx_it.o(i.HardFault_Handler)
    MemManage_Handler                        0x080029c1   Thumb Code     4  stm32f1xx_it.o(i.MemManage_Handler)
    NMI_Handler                              0x080029c5   Thumb Code     2  stm32f1xx_it.o(i.NMI_Handler)
    PendSV_Handler                           0x080029c7   Thumb Code     2  stm32f1xx_it.o(i.PendSV_Handler)
    SVC_Handler                              0x080029f1   Thumb Code     2  stm32f1xx_it.o(i.SVC_Handler)
    SysTick_Handler                          0x080029f3   Thumb Code     8  stm32f1xx_it.o(i.SysTick_Handler)
    SystemInit                               0x080029fb   Thumb Code     2  system_stm32f1xx.o(i.SystemInit)
    USART1_IRQHandler                        0x08002cf5   Thumb Code    10  usart.o(i.USART1_IRQHandler)
    UsageFault_Handler                       0x08002d05   Thumb Code     4  stm32f1xx_it.o(i.UsageFault_Handler)
    __ARM_fpclassify                         0x08002d09   Thumb Code    40  fpclassify.o(i.__ARM_fpclassify)
    __ARM_fpclassifyf                        0x08002d31   Thumb Code    38  fpclassifyf.o(i.__ARM_fpclassifyf)
    __mathlib_flt_infnan                     0x08002d91   Thumb Code     6  funder.o(i.__mathlib_flt_infnan)
    __mathlib_flt_invalid                    0x08002d97   Thumb Code     8  funder.o(i.__mathlib_flt_invalid)
    __mathlib_flt_underflow                  0x08002d9f   Thumb Code    10  funder.o(i.__mathlib_flt_underflow)
    __mathlib_rredf2                         0x08002da9   Thumb Code   344  rredf.o(i.__mathlib_rredf2)
    _is_digit                                0x08002f11   Thumb Code    14  __printf_wp.o(i._is_digit)
    _sys_exit                                0x08002f1f   Thumb Code     4  usart.o(i._sys_exit)
    calculate_wave_point                     0x08002f25   Thumb Code    76  main.o(i.calculate_wave_point)
    delay_init                               0x08002f81   Thumb Code     6  delay.o(i.delay_init)
    delay_ms                                 0x08002f8d   Thumb Code    18  delay.o(i.delay_ms)
    delay_us                                 0x08002fa1   Thumb Code    68  delay.o(i.delay_us)
    display_wave                             0x08002fe9   Thumb Code   138  main.o(i.display_wave)
    dma_init                                 0x08003081   Thumb Code   120  dma.o(i.dma_init)
    draw_coordinate_system                   0x08003109   Thumb Code   280  main.o(i.draw_coordinate_system)
    fputc                                    0x08003225   Thumb Code    24  usart.o(i.fputc)
    init_wave_buffer                         0x08003241   Thumb Code    40  main.o(i.init_wave_buffer)
    key_init                                 0x08003271   Thumb Code   226  key.o(i.key_init)
    key_scan                                 0x08003361   Thumb Code   184  key.o(i.key_scan)
    lcd_clear                                0x08003425   Thumb Code    42  lcd.o(i.lcd_clear)
    lcd_display_dir                          0x08003459   Thumb Code   360  lcd.o(i.lcd_display_dir)
    lcd_draw_line                            0x080035c5   Thumb Code   172  lcd.o(i.lcd_draw_line)
    lcd_draw_point                           0x08003671   Thumb Code    26  lcd.o(i.lcd_draw_point)
    lcd_ex_ili9341_reginit                   0x08003691   Thumb Code   556  lcd.o(i.lcd_ex_ili9341_reginit)
    lcd_ex_ili9806_reginit                   0x080038bd   Thumb Code   832  lcd.o(i.lcd_ex_ili9806_reginit)
    lcd_ex_nt35310_reginit                   0x08003bfd   Thumb Code  3826  lcd.o(i.lcd_ex_nt35310_reginit)
    lcd_ex_nt35510_reginit                   0x08004aef   Thumb Code  3836  lcd.o(i.lcd_ex_nt35510_reginit)
    lcd_ex_ssd1963_reginit                   0x080059eb   Thumb Code   366  lcd.o(i.lcd_ex_ssd1963_reginit)
    lcd_ex_st7789_reginit                    0x08005b59   Thumb Code   424  lcd.o(i.lcd_ex_st7789_reginit)
    lcd_ex_st7796_reginit                    0x08005d01   Thumb Code   454  lcd.o(i.lcd_ex_st7796_reginit)
    lcd_fill                                 0x08005ec9   Thumb Code    80  lcd.o(i.lcd_fill)
    lcd_init                                 0x08005f1d   Thumb Code  1120  lcd.o(i.lcd_init)
    lcd_scan_dir                             0x080063c1   Thumb Code   568  lcd.o(i.lcd_scan_dir)
    lcd_set_cursor                           0x080065fd   Thumb Code   282  lcd.o(i.lcd_set_cursor)
    lcd_show_char                            0x0800671d   Thumb Code   294  lcd.o(i.lcd_show_char)
    lcd_show_num                             0x0800685d   Thumb Code   152  lcd.o(i.lcd_show_num)
    lcd_show_string                          0x080068f5   Thumb Code   106  lcd.o(i.lcd_show_string)
    lcd_ssd_backlight_set                    0x08006961   Thumb Code    80  lcd.o(i.lcd_ssd_backlight_set)
    lcd_wr_data                              0x080069b5   Thumb Code    18  lcd.o(i.lcd_wr_data)
    lcd_wr_regno                             0x080069cd   Thumb Code    18  lcd.o(i.lcd_wr_regno)
    lcd_write_ram_prepare                    0x080069e5   Thumb Code    10  lcd.o(i.lcd_write_ram_prepare)
    lcd_write_reg                            0x080069f9   Thumb Code    10  lcd.o(i.lcd_write_reg)
    led_init                                 0x08006a09   Thumb Code   132  led.o(i.led_init)
    main                                     0x08006a99   Thumb Code   660  main.o(i.main)
    redraw_x_axis                            0x08006dd5   Thumb Code    70  main.o(i.redraw_x_axis)
    run_sine_wave                            0x08006e1d   Thumb Code    96  main.o(i.run_sine_wave)
    set_amplitude                            0x08006e89   Thumb Code     6  main.o(i.set_amplitude)
    set_frequency                            0x08006e95   Thumb Code     6  main.o(i.set_frequency)
    shift_wave_buffer                        0x08006ea1   Thumb Code   102  main.o(i.shift_wave_buffer)
    show_parameters                          0x08006f1d   Thumb Code   100  main.o(i.show_parameters)
    sine_wave_demo                           0x08006f99   Thumb Code    22  main.o(i.sine_wave_demo)
    sinf                                     0x08006fb5   Thumb Code   338  sinf.o(i.sinf)
    sys_stm32_clock_init                     0x0800713d   Thumb Code   102  sys.o(i.sys_stm32_clock_init)
    usart_init                               0x080071a5   Thumb Code    44  usart.o(i.usart_init)
    _get_lc_numeric                          0x080071dd   Thumb Code    44  lc_numeric_c.o(locale$$code)
    __aeabi_d2uiz                            0x08007209   Thumb Code     0  dfixu.o(x$fpl$dfixu)
    _dfixu                                   0x08007209   Thumb Code    90  dfixu.o(x$fpl$dfixu)
    __aeabi_ui2d                             0x08007263   Thumb Code     0  dflt_clz.o(x$fpl$dfltu)
    _dfltu                                   0x08007263   Thumb Code    38  dflt_clz.o(x$fpl$dfltu)
    __aeabi_dmul                             0x08007289   Thumb Code     0  dmul.o(x$fpl$dmul)
    _dmul                                    0x08007289   Thumb Code   332  dmul.o(x$fpl$dmul)
    __fpl_dnaninf                            0x080073dd   Thumb Code   156  dnaninf.o(x$fpl$dnaninf)
    __fpl_dretinf                            0x08007479   Thumb Code    12  dretinf.o(x$fpl$dretinf)
    __aeabi_f2d                              0x08007485   Thumb Code     0  f2d.o(x$fpl$f2d)
    _f2d                                     0x08007485   Thumb Code    86  f2d.o(x$fpl$f2d)
    __aeabi_fadd                             0x080074dd   Thumb Code     0  faddsub_clz.o(x$fpl$fadd)
    _fadd                                    0x080074dd   Thumb Code   196  faddsub_clz.o(x$fpl$fadd)
    __fpl_fcheck_NaN1                        0x080075a1   Thumb Code     6  fcheck1.o(x$fpl$fcheck1)
    __fpl_fcmp_Inf                           0x080075ad   Thumb Code    24  fcmpi.o(x$fpl$fcmpinf)
    __aeabi_fdiv                             0x080075c5   Thumb Code     0  fdiv.o(x$fpl$fdiv)
    _fdiv                                    0x080075c5   Thumb Code   384  fdiv.o(x$fpl$fdiv)
    __aeabi_f2iz                             0x08007749   Thumb Code     0  ffix.o(x$fpl$ffix)
    _ffix                                    0x08007749   Thumb Code    54  ffix.o(x$fpl$ffix)
    __aeabi_f2uiz                            0x08007781   Thumb Code     0  ffixu.o(x$fpl$ffixu)
    _ffixu                                   0x08007781   Thumb Code    62  ffixu.o(x$fpl$ffixu)
    __aeabi_i2f                              0x080077c1   Thumb Code     0  fflt_clz.o(x$fpl$fflt)
    _fflt                                    0x080077c1   Thumb Code    48  fflt_clz.o(x$fpl$fflt)
    __aeabi_ui2f                             0x080077f1   Thumb Code     0  fflt_clz.o(x$fpl$ffltu)
    _ffltu                                   0x080077f1   Thumb Code    38  fflt_clz.o(x$fpl$ffltu)
    __aeabi_cfcmple                          0x08007819   Thumb Code     0  fleqf.o(x$fpl$fleqf)
    _fcmple                                  0x08007819   Thumb Code   104  fleqf.o(x$fpl$fleqf)
    __fpl_fcmple_InfNaN                      0x0800786b   Thumb Code     0  fleqf.o(x$fpl$fleqf)
    __aeabi_fmul                             0x08007881   Thumb Code     0  fmul.o(x$fpl$fmul)
    _fmul                                    0x08007881   Thumb Code   258  fmul.o(x$fpl$fmul)
    __fpl_fnaninf                            0x08007983   Thumb Code   140  fnaninf.o(x$fpl$fnaninf)
    __fpl_fretinf                            0x08007a0f   Thumb Code    10  fretinf.o(x$fpl$fretinf)
    __aeabi_cfrcmple                         0x08007a19   Thumb Code     0  frleqf.o(x$fpl$frleqf)
    _frcmple                                 0x08007a19   Thumb Code    98  frleqf.o(x$fpl$frleqf)
    _frnd                                    0x08007a7d   Thumb Code    96  frnd.o(x$fpl$frnd)
    __aeabi_frsub                            0x08007add   Thumb Code     0  faddsub_clz.o(x$fpl$frsb)
    _frsb                                    0x08007add   Thumb Code    20  faddsub_clz.o(x$fpl$frsb)
    __aeabi_fsub                             0x08007af1   Thumb Code     0  faddsub_clz.o(x$fpl$fsub)
    _fsub                                    0x08007af1   Thumb Code   234  faddsub_clz.o(x$fpl$fsub)
    _printf_fp_dec                           0x08007bdb   Thumb Code     4  printf1.o(x$fpl$printf1)
    __fpl_return_NaN                         0x08007bdf   Thumb Code   100  retnan.o(x$fpl$retnan)
    __ARM_scalbnf                            0x08007c43   Thumb Code    76  scalbnf.o(x$fpl$scalbnf)
    __fpl_cmpreturn                          0x08007c8f   Thumb Code    48  trapv.o(x$fpl$trapveneer)
    TEXT_TO_SEND                             0x08007cbe   Data           7  main.o(.constdata)
    __I$use$fp                               0x08007cbe   Number         0  usenofp.o(x$fpl$usenofp)
    AHBPrescTable                            0x08007cc5   Data          16  system_stm32f1xx.o(.constdata)
    APBPrescTable                            0x08007cd5   Data           8  system_stm32f1xx.o(.constdata)
    asc2_1206                                0x08007cdd   Data        1140  lcd.o(.constdata)
    asc2_1608                                0x08008151   Data        1520  lcd.o(.constdata)
    asc2_2412                                0x08008741   Data        3420  lcd.o(.constdata)
    asc2_3216                                0x0800949d   Data        6080  lcd.o(.constdata)
    Region$$Table$$Base                      0x0800ad4c   Number         0  anon$$obj.o(Region$$Table)
    Region$$Table$$Limit                     0x0800ad6c   Number         0  anon$$obj.o(Region$$Table)
    g_amplitude                              0x20000000   Data           4  main.o(.data)
    g_frequency                              0x20000004   Data           4  main.o(.data)
    g_phase                                  0x20000008   Data           4  main.o(.data)
    g_recvlen                                0x2000000c   Data           4  main.o(.data)
    g_led_state                              0x20000010   Data           1  main.o(.data)
    SystemCoreClock                          0x20000014   Data           4  system_stm32f1xx.o(.data)
    __stdout                                 0x2000001c   Data           4  usart.o(.data)
    g_usart_rx_sta                           0x20000020   Data           2  usart.o(.data)
    g_rx_buffer                              0x20000022   Data           1  usart.o(.data)
    uwTick                                   0x20000024   Data           4  stm32f1xx_hal.o(.data)
    uwTickPrio                               0x20000028   Data           4  stm32f1xx_hal.o(.data)
    uwTickFreq                               0x2000002c   Data           1  stm32f1xx_hal.o(.data)
    g_point_color                            0x20000030   Data           4  lcd.o(.data)
    g_back_color                             0x20000034   Data           4  lcd.o(.data)
    g_adc_dma_sta                            0x20000039   Data           1  adc.o(.data)
    g_wave_buffer                            0x2000003c   Data         800  main.o(.bss)
    g_recvbuf                                0x2000035c   Data         128  main.o(.bss)
    g_sendbuf                                0x200003dc   Data        1800  main.o(.bss)
    g_usart_rx_buf                           0x20000ae4   Data         200  usart.o(.bss)
    g_uart1_handle                           0x20000bac   Data          64  usart.o(.bss)
    g_sram_handle                            0x20000bec   Data          72  lcd.o(.bss)
    lcddev                                   0x20000c34   Data          14  lcd.o(.bss)
    g_dma_handle                             0x20000c44   Data          68  dma.o(.bss)
    __libspace_start                         0x20000c88   Data          96  libspace.o(.bss)
    __temporary_stack_top$libspace           0x20000ce8   Data           0  libspace.o(.bss)



==============================================================================

Memory Map of the image

  Image Entry point : 0x08000131

  Load Region LR_IROM1 (Base: 0x08000000, Size: 0x0000adc4, Max: 0x00080000, ABSOLUTE)

    Execution Region ER_IROM1 (Base: 0x08000000, Size: 0x0000ad88, Max: 0x00080000, ABSOLUTE)

    Base Addr    Size         Type   Attr      Idx    E Section Name        Object

    0x08000000   0x00000130   Data   RO            3    RESET               startup_stm32f103xe.o
    0x08000130   0x00000008   Code   RO         4585  * !!!main             c_w.l(__main.o)
    0x08000138   0x00000034   Code   RO         4915    !!!scatter          c_w.l(__scatter.o)
    0x0800016c   0x0000001a   Code   RO         4917    !!handler_copy      c_w.l(__scatter_copy.o)
    0x08000186   0x00000002   PAD
    0x08000188   0x0000001c   Code   RO         4919    !!handler_zi        c_w.l(__scatter_zi.o)
    0x080001a4   0x00000000   Code   RO         4574    .ARM.Collect$$_printf_percent$$00000000  c_w.l(_printf_percent.o)
    0x080001a4   0x00000006   Code   RO         4573    .ARM.Collect$$_printf_percent$$00000003  c_w.l(_printf_f.o)
    0x080001aa   0x00000006   Code   RO         4571    .ARM.Collect$$_printf_percent$$0000000C  c_w.l(_printf_x.o)
    0x080001b0   0x00000004   Code   RO         4674    .ARM.Collect$$_printf_percent$$00000017  c_w.l(_printf_percent_end.o)
    0x080001b4   0x00000002   Code   RO         4792    .ARM.Collect$$libinit$$00000000  c_w.l(libinit.o)
    0x080001b6   0x00000000   Code   RO         4794    .ARM.Collect$$libinit$$00000002  c_w.l(libinit2.o)
    0x080001b6   0x00000000   Code   RO         4796    .ARM.Collect$$libinit$$00000004  c_w.l(libinit2.o)
    0x080001b6   0x00000000   Code   RO         4799    .ARM.Collect$$libinit$$0000000A  c_w.l(libinit2.o)
    0x080001b6   0x00000000   Code   RO         4801    .ARM.Collect$$libinit$$0000000C  c_w.l(libinit2.o)
    0x080001b6   0x00000000   Code   RO         4803    .ARM.Collect$$libinit$$0000000E  c_w.l(libinit2.o)
    0x080001b6   0x00000006   Code   RO         4804    .ARM.Collect$$libinit$$0000000F  c_w.l(libinit2.o)
    0x080001bc   0x00000000   Code   RO         4806    .ARM.Collect$$libinit$$00000011  c_w.l(libinit2.o)
    0x080001bc   0x00000000   Code   RO         4808    .ARM.Collect$$libinit$$00000013  c_w.l(libinit2.o)
    0x080001bc   0x00000000   Code   RO         4810    .ARM.Collect$$libinit$$00000015  c_w.l(libinit2.o)
    0x080001bc   0x0000000a   Code   RO         4811    .ARM.Collect$$libinit$$00000016  c_w.l(libinit2.o)
    0x080001c6   0x00000000   Code   RO         4812    .ARM.Collect$$libinit$$00000017  c_w.l(libinit2.o)
    0x080001c6   0x00000000   Code   RO         4814    .ARM.Collect$$libinit$$00000019  c_w.l(libinit2.o)
    0x080001c6   0x00000000   Code   RO         4816    .ARM.Collect$$libinit$$0000001B  c_w.l(libinit2.o)
    0x080001c6   0x00000000   Code   RO         4818    .ARM.Collect$$libinit$$0000001D  c_w.l(libinit2.o)
    0x080001c6   0x00000000   Code   RO         4820    .ARM.Collect$$libinit$$0000001F  c_w.l(libinit2.o)
    0x080001c6   0x00000000   Code   RO         4822    .ARM.Collect$$libinit$$00000021  c_w.l(libinit2.o)
    0x080001c6   0x00000000   Code   RO         4824    .ARM.Collect$$libinit$$00000023  c_w.l(libinit2.o)
    0x080001c6   0x00000000   Code   RO         4826    .ARM.Collect$$libinit$$00000025  c_w.l(libinit2.o)
    0x080001c6   0x00000000   Code   RO         4830    .ARM.Collect$$libinit$$0000002C  c_w.l(libinit2.o)
    0x080001c6   0x00000000   Code   RO         4832    .ARM.Collect$$libinit$$0000002E  c_w.l(libinit2.o)
    0x080001c6   0x00000000   Code   RO         4834    .ARM.Collect$$libinit$$00000030  c_w.l(libinit2.o)
    0x080001c6   0x00000000   Code   RO         4836    .ARM.Collect$$libinit$$00000032  c_w.l(libinit2.o)
    0x080001c6   0x00000002   Code   RO         4837    .ARM.Collect$$libinit$$00000033  c_w.l(libinit2.o)
    0x080001c8   0x00000002   Code   RO         4869    .ARM.Collect$$libshutdown$$00000000  c_w.l(libshutdown.o)
    0x080001ca   0x00000000   Code   RO         4878    .ARM.Collect$$libshutdown$$00000003  c_w.l(libshutdown2.o)
    0x080001ca   0x00000000   Code   RO         4881    .ARM.Collect$$libshutdown$$00000006  c_w.l(libshutdown2.o)
    0x080001ca   0x00000000   Code   RO         4884    .ARM.Collect$$libshutdown$$00000009  c_w.l(libshutdown2.o)
    0x080001ca   0x00000000   Code   RO         4886    .ARM.Collect$$libshutdown$$0000000B  c_w.l(libshutdown2.o)
    0x080001ca   0x00000000   Code   RO         4889    .ARM.Collect$$libshutdown$$0000000E  c_w.l(libshutdown2.o)
    0x080001ca   0x00000002   Code   RO         4890    .ARM.Collect$$libshutdown$$0000000F  c_w.l(libshutdown2.o)
    0x080001cc   0x00000000   Code   RO         4659    .ARM.Collect$$rtentry$$00000000  c_w.l(__rtentry.o)
    0x080001cc   0x00000000   Code   RO         4710    .ARM.Collect$$rtentry$$00000002  c_w.l(__rtentry2.o)
    0x080001cc   0x00000006   Code   RO         4722    .ARM.Collect$$rtentry$$00000004  c_w.l(__rtentry4.o)
    0x080001d2   0x00000000   Code   RO         4712    .ARM.Collect$$rtentry$$00000009  c_w.l(__rtentry2.o)
    0x080001d2   0x00000004   Code   RO         4713    .ARM.Collect$$rtentry$$0000000A  c_w.l(__rtentry2.o)
    0x080001d6   0x00000000   Code   RO         4715    .ARM.Collect$$rtentry$$0000000C  c_w.l(__rtentry2.o)
    0x080001d6   0x00000008   Code   RO         4716    .ARM.Collect$$rtentry$$0000000D  c_w.l(__rtentry2.o)
    0x080001de   0x00000002   Code   RO         4840    .ARM.Collect$$rtexit$$00000000  c_w.l(rtexit.o)
    0x080001e0   0x00000000   Code   RO         4849    .ARM.Collect$$rtexit$$00000002  c_w.l(rtexit2.o)
    0x080001e0   0x00000004   Code   RO         4850    .ARM.Collect$$rtexit$$00000003  c_w.l(rtexit2.o)
    0x080001e4   0x00000006   Code   RO         4851    .ARM.Collect$$rtexit$$00000004  c_w.l(rtexit2.o)
    0x080001ea   0x00000002   PAD
    0x080001ec   0x00000040   Code   RO            4    .text               startup_stm32f103xe.o
    0x0800022c   0x00000002   Code   RO         4513    .text               c_w.l(use_no_semi_2.o)
    0x0800022e   0x00000002   PAD
    0x08000230   0x00000018   Code   RO         4519    .text               c_w.l(noretval__2printf.o)
    0x08000248   0x00000028   Code   RO         4521    .text               c_w.l(noretval__2sprintf.o)
    0x08000270   0x00000058   Code   RO         4532    .text               c_w.l(_printf_hex_int.o)
    0x080002c8   0x00000138   Code   RO         4562    .text               c_w.l(__printf_flags_wp.o)
    0x08000400   0x0000004e   Code   RO         4579    .text               c_w.l(rt_memclr_w.o)
    0x0800044e   0x00000002   PAD
    0x08000450   0x00000080   Code   RO         4581    .text               c_w.l(strcmpv7m.o)
    0x080004d0   0x00000006   Code   RO         4583    .text               c_w.l(heapauxi.o)
    0x080004d6   0x00000002   Code   RO         4657    .text               c_w.l(use_no_semi.o)
    0x080004d8   0x00000016   Code   RO         4660    .text               c_w.l(_rserrno.o)
    0x080004ee   0x000000b2   Code   RO         4662    .text               c_w.l(_printf_intcommon.o)
    0x080005a0   0x0000041a   Code   RO         4664    .text               c_w.l(_printf_fp_dec.o)
    0x080009ba   0x00000002   PAD
    0x080009bc   0x00000030   Code   RO         4666    .text               c_w.l(_printf_char_common.o)
    0x080009ec   0x0000000a   Code   RO         4668    .text               c_w.l(_sputc.o)
    0x080009f6   0x00000002   PAD
    0x080009f8   0x00000024   Code   RO         4672    .text               c_w.l(_printf_char_file.o)
    0x08000a1c   0x00000008   Code   RO         4727    .text               c_w.l(rt_locale_intlibspace.o)
    0x08000a24   0x00000008   Code   RO         4732    .text               c_w.l(rt_errno_addr_intlibspace.o)
    0x08000a2c   0x0000008a   Code   RO         4734    .text               c_w.l(lludiv10.o)
    0x08000ab6   0x00000002   PAD
    0x08000ab8   0x00000080   Code   RO         4736    .text               c_w.l(_printf_fp_infnan.o)
    0x08000b38   0x000000dc   Code   RO         4740    .text               c_w.l(bigflt0.o)
    0x08000c14   0x00000008   Code   RO         4765    .text               c_w.l(ferror.o)
    0x08000c1c   0x00000008   Code   RO         4780    .text               c_w.l(libspace.o)
    0x08000c24   0x0000004a   Code   RO         4783    .text               c_w.l(sys_stackheap_outer.o)
    0x08000c6e   0x0000000c   Code   RO         4785    .text               c_w.l(exit.o)
    0x08000c7a   0x0000003e   Code   RO         4743    CL$$btod_d2e        c_w.l(btod.o)
    0x08000cb8   0x00000046   Code   RO         4745    CL$$btod_d2e_denorm_low  c_w.l(btod.o)
    0x08000cfe   0x00000060   Code   RO         4744    CL$$btod_d2e_norm_op1  c_w.l(btod.o)
    0x08000d5e   0x00000338   Code   RO         4753    CL$$btod_div_common  c_w.l(btod.o)
    0x08001096   0x000000c6   Code   RO         4750    CL$$btod_e2e        c_w.l(btod.o)
    0x0800115c   0x00000028   Code   RO         4747    CL$$btod_ediv       c_w.l(btod.o)
    0x08001184   0x00000028   Code   RO         4746    CL$$btod_emul       c_w.l(btod.o)
    0x080011ac   0x00000244   Code   RO         4752    CL$$btod_mult_common  c_w.l(btod.o)
    0x080013f0   0x00000004   Code   RO          389    i.BusFault_Handler  stm32f1xx_it.o
    0x080013f4   0x0000002c   Code   RO         4426    i.DMA1_Channel1_IRQHandler  adc.o
    0x08001420   0x0000002c   Code   RO         1082    i.DMA_SetConfig     stm32f1xx_hal_dma.o
    0x0800144c   0x00000002   Code   RO          390    i.DebugMon_Handler  stm32f1xx_it.o
    0x0800144e   0x00000002   PAD
    0x08001450   0x00000044   Code   RO         3146    i.FSMC_NORSRAM_Extended_Timing_Init  stm32f1xx_ll_fsmc.o
    0x08001494   0x00000078   Code   RO         3147    i.FSMC_NORSRAM_Init  stm32f1xx_ll_fsmc.o
    0x0800150c   0x00000042   Code   RO         3148    i.FSMC_NORSRAM_Timing_Init  stm32f1xx_ll_fsmc.o
    0x0800154e   0x00000056   Code   RO         1083    i.HAL_DMA_Abort     stm32f1xx_hal_dma.o
    0x080015a4   0x000001a8   Code   RO         1084    i.HAL_DMA_Abort_IT  stm32f1xx_hal_dma.o
    0x0800174c   0x0000008c   Code   RO         1089    i.HAL_DMA_Init      stm32f1xx_hal_dma.o
    0x080017d8   0x0000009c   Code   RO         1093    i.HAL_DMA_Start_IT  stm32f1xx_hal_dma.o
    0x08001874   0x00000340   Code   RO         1180    i.HAL_GPIO_Init     stm32f1xx_hal_gpio.o
    0x08001bb4   0x00000010   Code   RO         1182    i.HAL_GPIO_ReadPin  stm32f1xx_hal_gpio.o
    0x08001bc4   0x0000000c   Code   RO         1184    i.HAL_GPIO_WritePin  stm32f1xx_hal_gpio.o
    0x08001bd0   0x0000000c   Code   RO          797    i.HAL_GetTick       stm32f1xx_hal.o
    0x08001bdc   0x00000018   Code   RO          803    i.HAL_IncTick       stm32f1xx_hal.o
    0x08001bf4   0x00000028   Code   RO          804    i.HAL_Init          stm32f1xx_hal.o
    0x08001c1c   0x0000004c   Code   RO          805    i.HAL_InitTick      stm32f1xx_hal.o
    0x08001c68   0x00000002   Code   RO          807    i.HAL_MspInit       stm32f1xx_hal.o
    0x08001c6a   0x00000020   Code   RO          962    i.HAL_NVIC_EnableIRQ  stm32f1xx_hal_cortex.o
    0x08001c8a   0x0000007c   Code   RO          968    i.HAL_NVIC_SetPriority  stm32f1xx_hal_cortex.o
    0x08001d06   0x00000002   PAD
    0x08001d08   0x00000028   Code   RO          969    i.HAL_NVIC_SetPriorityGrouping  stm32f1xx_hal_cortex.o
    0x08001d30   0x0000018c   Code   RO         1280    i.HAL_RCC_ClockConfig  stm32f1xx_hal_rcc.o
    0x08001ebc   0x0000000c   Code   RO         1285    i.HAL_RCC_GetHCLKFreq  stm32f1xx_hal_rcc.o
    0x08001ec8   0x00000020   Code   RO         1287    i.HAL_RCC_GetPCLK1Freq  stm32f1xx_hal_rcc.o
    0x08001ee8   0x00000020   Code   RO         1288    i.HAL_RCC_GetPCLK2Freq  stm32f1xx_hal_rcc.o
    0x08001f08   0x00000094   Code   RO         1289    i.HAL_RCC_GetSysClockFreq  stm32f1xx_hal_rcc.o
    0x08001f9c   0x00000464   Code   RO         1292    i.HAL_RCC_OscConfig  stm32f1xx_hal_rcc.o
    0x08002400   0x00000066   Code   RO         1426    i.HAL_SRAM_Init     stm32f1xx_hal_sram.o
    0x08002466   0x00000002   PAD
    0x08002468   0x00000090   Code   RO         3689    i.HAL_SRAM_MspInit  lcd.o
    0x080024f8   0x00000034   Code   RO          973    i.HAL_SYSTICK_Config  stm32f1xx_hal_cortex.o
    0x0800252c   0x00000066   Code   RO         2560    i.HAL_UART_DMAStop  stm32f1xx_hal_uart.o
    0x08002592   0x00000002   Code   RO         2562    i.HAL_UART_ErrorCallback  stm32f1xx_hal_uart.o
    0x08002594   0x00000154   Code   RO         2565    i.HAL_UART_IRQHandler  stm32f1xx_hal_uart.o
    0x080026e8   0x00000072   Code   RO         2566    i.HAL_UART_Init     stm32f1xx_hal_uart.o
    0x0800275a   0x00000002   PAD
    0x0800275c   0x000000b4   Code   RO          709    i.HAL_UART_MspInit  usart.o
    0x08002810   0x00000070   Code   RO         2571    i.HAL_UART_Receive_IT  stm32f1xx_hal_uart.o
    0x08002880   0x0000009c   Code   RO          710    i.HAL_UART_RxCpltCallback  usart.o
    0x0800291c   0x0000009c   Code   RO         2575    i.HAL_UART_Transmit_DMA  stm32f1xx_hal_uart.o
    0x080029b8   0x00000002   Code   RO         2577    i.HAL_UART_TxCpltCallback  stm32f1xx_hal_uart.o
    0x080029ba   0x00000002   Code   RO         2578    i.HAL_UART_TxHalfCpltCallback  stm32f1xx_hal_uart.o
    0x080029bc   0x00000004   Code   RO          391    i.HardFault_Handler  stm32f1xx_it.o
    0x080029c0   0x00000004   Code   RO          392    i.MemManage_Handler  stm32f1xx_it.o
    0x080029c4   0x00000002   Code   RO          393    i.NMI_Handler       stm32f1xx_it.o
    0x080029c6   0x00000002   Code   RO          394    i.PendSV_Handler    stm32f1xx_it.o
    0x080029c8   0x00000028   Code   RO         1293    i.RCC_Delay         stm32f1xx_hal_rcc.o
    0x080029f0   0x00000002   Code   RO          395    i.SVC_Handler       stm32f1xx_it.o
    0x080029f2   0x00000008   Code   RO          396    i.SysTick_Handler   stm32f1xx_it.o
    0x080029fa   0x00000002   Code   RO          353    i.SystemInit        system_stm32f1xx.o
    0x080029fc   0x00000014   Code   RO         2579    i.UART_DMAAbortOnError  stm32f1xx_hal_uart.o
    0x08002a10   0x00000050   Code   RO         2580    i.UART_DMAError     stm32f1xx_hal_uart.o
    0x08002a60   0x00000036   Code   RO         2585    i.UART_DMATransmitCplt  stm32f1xx_hal_uart.o
    0x08002a96   0x0000000e   Code   RO         2587    i.UART_DMATxHalfCplt  stm32f1xx_hal_uart.o
    0x08002aa4   0x00000020   Code   RO         2589    i.UART_EndRxTransfer  stm32f1xx_hal_uart.o
    0x08002ac4   0x00000020   Code   RO         2590    i.UART_EndTransmit_IT  stm32f1xx_hal_uart.o
    0x08002ae4   0x00000014   Code   RO         2591    i.UART_EndTxTransfer  stm32f1xx_hal_uart.o
    0x08002af8   0x000000a0   Code   RO         2592    i.UART_Receive_IT   stm32f1xx_hal_uart.o
    0x08002b98   0x000000fc   Code   RO         2593    i.UART_SetConfig    stm32f1xx_hal_uart.o
    0x08002c94   0x00000060   Code   RO         2594    i.UART_Transmit_IT  stm32f1xx_hal_uart.o
    0x08002cf4   0x00000010   Code   RO          711    i.USART1_IRQHandler  usart.o
    0x08002d04   0x00000004   Code   RO          397    i.UsageFault_Handler  stm32f1xx_it.o
    0x08002d08   0x00000028   Code   RO         4778    i.__ARM_fpclassify  m_ws.l(fpclassify.o)
    0x08002d30   0x00000026   Code   RO         4690    i.__ARM_fpclassifyf  m_ws.l(fpclassifyf.o)
    0x08002d56   0x00000002   PAD
    0x08002d58   0x00000010   Code   RO          975    i.__NVIC_GetPriorityGrouping  stm32f1xx_hal_cortex.o
    0x08002d68   0x00000028   Code   RO          976    i.__NVIC_SetPriority  stm32f1xx_hal_cortex.o
    0x08002d90   0x00000006   Code   RO         4693    i.__mathlib_flt_infnan  m_ws.l(funder.o)
    0x08002d96   0x00000008   Code   RO         4695    i.__mathlib_flt_invalid  m_ws.l(funder.o)
    0x08002d9e   0x0000000a   Code   RO         4698    i.__mathlib_flt_underflow  m_ws.l(funder.o)
    0x08002da8   0x00000168   Code   RO         4706    i.__mathlib_rredf2  m_ws.l(rredf.o)
    0x08002f10   0x0000000e   Code   RO         4560    i._is_digit         c_w.l(__printf_wp.o)
    0x08002f1e   0x00000004   Code   RO          713    i._sys_exit         usart.o
    0x08002f22   0x00000002   PAD
    0x08002f24   0x0000005c   Code   RO           14    i.calculate_wave_point  main.o
    0x08002f80   0x0000000c   Code   RO          593    i.delay_init        delay.o
    0x08002f8c   0x00000012   Code   RO          594    i.delay_ms          delay.o
    0x08002f9e   0x00000002   PAD
    0x08002fa0   0x00000048   Code   RO          595    i.delay_us          delay.o
    0x08002fe8   0x00000098   Code   RO           15    i.display_wave      main.o
    0x08003080   0x00000088   Code   RO         4398    i.dma_init          dma.o
    0x08003108   0x0000011c   Code   RO           16    i.draw_coordinate_system  main.o
    0x08003224   0x0000001c   Code   RO          715    i.fputc             usart.o
    0x08003240   0x00000030   Code   RO           17    i.init_wave_buffer  main.o
    0x08003270   0x000000f0   Code   RO         3950    i.key_init          key.o
    0x08003360   0x000000c4   Code   RO         3951    i.key_scan          key.o
    0x08003424   0x00000034   Code   RO         3690    i.lcd_clear         lcd.o
    0x08003458   0x0000016c   Code   RO         3692    i.lcd_display_dir   lcd.o
    0x080035c4   0x000000ac   Code   RO         3697    i.lcd_draw_line     lcd.o
    0x08003670   0x00000020   Code   RO         3698    i.lcd_draw_point    lcd.o
    0x08003690   0x0000022c   Code   RO         3700    i.lcd_ex_ili9341_reginit  lcd.o
    0x080038bc   0x00000340   Code   RO         3701    i.lcd_ex_ili9806_reginit  lcd.o
    0x08003bfc   0x00000ef2   Code   RO         3702    i.lcd_ex_nt35310_reginit  lcd.o
    0x08004aee   0x00000efc   Code   RO         3703    i.lcd_ex_nt35510_reginit  lcd.o
    0x080059ea   0x0000016e   Code   RO         3704    i.lcd_ex_ssd1963_reginit  lcd.o
    0x08005b58   0x000001a8   Code   RO         3705    i.lcd_ex_st7789_reginit  lcd.o
    0x08005d00   0x000001c6   Code   RO         3706    i.lcd_ex_st7796_reginit  lcd.o
    0x08005ec6   0x00000002   PAD
    0x08005ec8   0x00000054   Code   RO         3707    i.lcd_fill          lcd.o
    0x08005f1c   0x00000468   Code   RO         3709    i.lcd_init          lcd.o
    0x08006384   0x0000000c   Code   RO         3710    i.lcd_opt_delay     lcd.o
    0x08006390   0x00000016   Code   RO         3711    i.lcd_pow           lcd.o
    0x080063a6   0x00000002   PAD
    0x080063a8   0x00000018   Code   RO         3712    i.lcd_rd_data       lcd.o
    0x080063c0   0x0000023c   Code   RO         3714    i.lcd_scan_dir      lcd.o
    0x080065fc   0x00000120   Code   RO         3715    i.lcd_set_cursor    lcd.o
    0x0800671c   0x00000140   Code   RO         3717    i.lcd_show_char     lcd.o
    0x0800685c   0x00000098   Code   RO         3718    i.lcd_show_num      lcd.o
    0x080068f4   0x0000006a   Code   RO         3719    i.lcd_show_string   lcd.o
    0x0800695e   0x00000002   PAD
    0x08006960   0x00000054   Code   RO         3721    i.lcd_ssd_backlight_set  lcd.o
    0x080069b4   0x00000018   Code   RO         3722    i.lcd_wr_data       lcd.o
    0x080069cc   0x00000018   Code   RO         3723    i.lcd_wr_regno      lcd.o
    0x080069e4   0x00000014   Code   RO         3724    i.lcd_write_ram_prepare  lcd.o
    0x080069f8   0x00000010   Code   RO         3725    i.lcd_write_reg     lcd.o
    0x08006a08   0x00000090   Code   RO         3665    i.led_init          led.o
    0x08006a98   0x0000033c   Code   RO           19    i.main              main.o
    0x08006dd4   0x00000046   Code   RO           20    i.redraw_x_axis     main.o
    0x08006e1a   0x00000002   PAD
    0x08006e1c   0x0000006c   Code   RO           21    i.run_sine_wave     main.o
    0x08006e88   0x0000000c   Code   RO           22    i.set_amplitude     main.o
    0x08006e94   0x0000000c   Code   RO           23    i.set_frequency     main.o
    0x08006ea0   0x0000007c   Code   RO           24    i.shift_wave_buffer  main.o
    0x08006f1c   0x0000007c   Code   RO           25    i.show_parameters   main.o
    0x08006f98   0x0000001c   Code   RO           26    i.sine_wave_demo    main.o
    0x08006fb4   0x00000188   Code   RO         4650    i.sinf              m_ws.l(sinf.o)
    0x0800713c   0x00000066   Code   RO          642    i.sys_stm32_clock_init  sys.o
    0x080071a2   0x00000002   PAD
    0x080071a4   0x00000038   Code   RO          716    i.usart_init        usart.o
    0x080071dc   0x0000002c   Code   RO         4770    locale$$code        c_w.l(lc_numeric_c.o)
    0x08007208   0x0000005a   Code   RO         4601    x$fpl$dfixu         fz_ws.l(dfixu.o)
    0x08007262   0x00000026   Code   RO         4605    x$fpl$dfltu         fz_ws.l(dflt_clz.o)
    0x08007288   0x00000154   Code   RO         4613    x$fpl$dmul          fz_ws.l(dmul.o)
    0x080073dc   0x0000009c   Code   RO         4677    x$fpl$dnaninf       fz_ws.l(dnaninf.o)
    0x08007478   0x0000000c   Code   RO         4679    x$fpl$dretinf       fz_ws.l(dretinf.o)
    0x08007484   0x00000056   Code   RO         4617    x$fpl$f2d           fz_ws.l(f2d.o)
    0x080074da   0x00000002   PAD
    0x080074dc   0x000000c4   Code   RO         4619    x$fpl$fadd          fz_ws.l(faddsub_clz.o)
    0x080075a0   0x0000000c   Code   RO         4838    x$fpl$fcheck1       fz_ws.l(fcheck1.o)
    0x080075ac   0x00000018   Code   RO         4772    x$fpl$fcmpinf       fz_ws.l(fcmpi.o)
    0x080075c4   0x00000184   Code   RO         4626    x$fpl$fdiv          fz_ws.l(fdiv.o)
    0x08007748   0x00000036   Code   RO         4629    x$fpl$ffix          fz_ws.l(ffix.o)
    0x0800777e   0x00000002   PAD
    0x08007780   0x0000003e   Code   RO         4633    x$fpl$ffixu         fz_ws.l(ffixu.o)
    0x080077be   0x00000002   PAD
    0x080077c0   0x00000030   Code   RO         4638    x$fpl$fflt          fz_ws.l(fflt_clz.o)
    0x080077f0   0x00000026   Code   RO         4637    x$fpl$ffltu         fz_ws.l(fflt_clz.o)
    0x08007816   0x00000002   PAD
    0x08007818   0x00000068   Code   RO         4681    x$fpl$fleqf         fz_ws.l(fleqf.o)
    0x08007880   0x00000102   Code   RO         4643    x$fpl$fmul          fz_ws.l(fmul.o)
    0x08007982   0x0000008c   Code   RO         4683    x$fpl$fnaninf       fz_ws.l(fnaninf.o)
    0x08007a0e   0x0000000a   Code   RO         4685    x$fpl$fretinf       fz_ws.l(fretinf.o)
    0x08007a18   0x00000062   Code   RO         4645    x$fpl$frleqf        fz_ws.l(frleqf.o)
    0x08007a7a   0x00000002   PAD
    0x08007a7c   0x00000060   Code   RO         4687    x$fpl$frnd          fz_ws.l(frnd.o)
    0x08007adc   0x00000014   Code   RO         4620    x$fpl$frsb          fz_ws.l(faddsub_clz.o)
    0x08007af0   0x000000ea   Code   RO         4621    x$fpl$fsub          fz_ws.l(faddsub_clz.o)
    0x08007bda   0x00000004   Code   RO         4647    x$fpl$printf1       fz_ws.l(printf1.o)
    0x08007bde   0x00000064   Code   RO         4846    x$fpl$retnan        fz_ws.l(retnan.o)
    0x08007c42   0x0000004c   Code   RO         4776    x$fpl$scalbnf       fz_ws.l(scalbnf.o)
    0x08007c8e   0x00000030   Code   RO         4859    x$fpl$trapveneer    fz_ws.l(trapv.o)
    0x08007cbe   0x00000000   Code   RO         4689    x$fpl$usenofp       fz_ws.l(usenofp.o)
    0x08007cbe   0x00000007   Data   RO           28    .constdata          main.o
    0x08007cc5   0x00000018   Data   RO          354    .constdata          system_stm32f1xx.o
    0x08007cdd   0x00002f80   Data   RO         3727    .constdata          lcd.o
    0x0800ac5d   0x00000028   Data   RO         4533    .constdata          c_w.l(_printf_hex_int.o)
    0x0800ac85   0x00000011   Data   RO         4563    .constdata          c_w.l(__printf_flags_wp.o)
    0x0800ac96   0x00000002   PAD
    0x0800ac98   0x00000020   Data   RO         4707    .constdata          m_ws.l(rredf.o)
    0x0800acb8   0x00000094   Data   RO         4741    .constdata          c_w.l(bigflt0.o)
    0x0800ad4c   0x00000020   Data   RO         4913    Region$$Table       anon$$obj.o
    0x0800ad6c   0x0000001c   Data   RO         4769    locale$$data        c_w.l(lc_numeric_c.o)


    Execution Region RW_IRAM1 (Base: 0x20000000, Size: 0x000012e8, Max: 0x00010000, ABSOLUTE)

    Base Addr    Size         Type   Attr      Idx    E Section Name        Object

    0x20000000   0x00000011   Data   RW           29    .data               main.o
    0x20000011   0x00000003   PAD
    0x20000014   0x00000004   Data   RW          355    .data               system_stm32f1xx.o
    0x20000018   0x00000004   Data   RW          596    .data               delay.o
    0x2000001c   0x00000007   Data   RW          718    .data               usart.o
    0x20000023   0x00000001   PAD
    0x20000024   0x00000009   Data   RW          811    .data               stm32f1xx_hal.o
    0x2000002d   0x00000003   PAD
    0x20000030   0x00000008   Data   RW         3728    .data               lcd.o
    0x20000038   0x00000001   Data   RW         3952    .data               key.o
    0x20000039   0x00000001   Data   RW         4438    .data               adc.o
    0x2000003a   0x00000002   PAD
    0x2000003c   0x00000aa8   Zero   RW           27    .bss                main.o
    0x20000ae4   0x00000108   Zero   RW          717    .bss                usart.o
    0x20000bec   0x00000056   Zero   RW         3726    .bss                lcd.o
    0x20000c42   0x00000002   PAD
    0x20000c44   0x00000044   Zero   RW         4399    .bss                dma.o
    0x20000c88   0x00000060   Zero   RW         4781    .bss                c_w.l(libspace.o)
    0x20000ce8   0x00000200   Zero   RW            2    HEAP                startup_stm32f103xe.o
    0x20000ee8   0x00000400   Zero   RW            1    STACK               startup_stm32f103xe.o


==============================================================================

Image component sizes


      Code (inc. data)   RO Data    RW Data    ZI Data      Debug   Object Name

        44         10          0          1          0       1024   adc.o
       102         10          0          4          0       1923   delay.o
       136         16          0          0         68       1315   dma.o
       436         26          0          1          0       1794   key.o
     13934        176      12160          8         86      27477   lcd.o
       144         12          0          0          0        959   led.o
      1882        286          7         17       2728     486982   main.o
        64         26        304          0       1536        952   startup_stm32f103xe.o
       154         32          0          9          0       6587   stm32f1xx_hal.o
       304         22          0          0          0      29583   stm32f1xx_hal_cortex.o
       850         18          0          0          0       4249   stm32f1xx_hal_dma.o
       860         40          0          0          0       3431   stm32f1xx_hal_gpio.o
      1784        110          0          0          0       6224   stm32f1xx_hal_rcc.o
       102          0          0          0          0       1224   stm32f1xx_hal_sram.o
      1590         24          0          0          0      12460   stm32f1xx_hal_uart.o
        32          0          0          0          0       4122   stm32f1xx_it.o
       254         10          0          0          0       3919   stm32f1xx_ll_fsmc.o
       102          0          0          0          0        727   sys.o
         2          0         24          4          0       1415   system_stm32f1xx.o
       440         56          0          7        264       5589   usart.o

    ----------------------------------------------------------------------
     23238        874      12527         60       4684     601956   Object Totals
         0          0         32          0          0          0   (incl. Generated)
        22          0          0          9          2          0   (incl. Padding)

    ----------------------------------------------------------------------

      Code (inc. data)   RO Data    RW Data    ZI Data      Debug   Library Member Name

         8          0          0          0          0         68   __main.o
       312          4         17          0          0         92   __printf_flags_wp.o
        14          0          0          0          0         68   __printf_wp.o
         0          0          0          0          0          0   __rtentry.o
        12          0          0          0          0          0   __rtentry2.o
         6          0          0          0          0          0   __rtentry4.o
        52          8          0          0          0          0   __scatter.o
        26          0          0          0          0          0   __scatter_copy.o
        28          0          0          0          0          0   __scatter_zi.o
        48          6          0          0          0         96   _printf_char_common.o
        36          4          0          0          0         80   _printf_char_file.o
         6          0          0          0          0          0   _printf_f.o
      1050          0          0          0          0        216   _printf_fp_dec.o
       128         16          0          0          0         84   _printf_fp_infnan.o
        88          4         40          0          0         88   _printf_hex_int.o
       178          0          0          0          0         88   _printf_intcommon.o
         0          0          0          0          0          0   _printf_percent.o
         4          0          0          0          0          0   _printf_percent_end.o
         6          0          0          0          0          0   _printf_x.o
        22          0          0          0          0        100   _rserrno.o
        10          0          0          0          0         68   _sputc.o
       220          4        148          0          0         96   bigflt0.o
      1910        128          0          0          0        672   btod.o
        12          0          0          0          0         72   exit.o
         8          0          0          0          0         68   ferror.o
         6          0          0          0          0        152   heapauxi.o
        44         10         28          0          0         76   lc_numeric_c.o
         2          0          0          0          0          0   libinit.o
        18          0          0          0          0          0   libinit2.o
         2          0          0          0          0          0   libshutdown.o
         2          0          0          0          0          0   libshutdown2.o
         8          4          0          0         96         68   libspace.o
       138          0          0          0          0         80   lludiv10.o
        24          4          0          0          0         84   noretval__2printf.o
        40          6          0          0          0         84   noretval__2sprintf.o
         8          4          0          0          0         68   rt_errno_addr_intlibspace.o
         8          4          0          0          0         68   rt_locale_intlibspace.o
        78          0          0          0          0         80   rt_memclr_w.o
         2          0          0          0          0          0   rtexit.o
        10          0          0          0          0          0   rtexit2.o
       128          0          0          0          0         68   strcmpv7m.o
        74          0          0          0          0         80   sys_stackheap_outer.o
         2          0          0          0          0         68   use_no_semi.o
         2          0          0          0          0         68   use_no_semi_2.o
        90          4          0          0          0         92   dfixu.o
        38          0          0          0          0         68   dflt_clz.o
       340         12          0          0          0        104   dmul.o
       156          4          0          0          0         92   dnaninf.o
        12          0          0          0          0         68   dretinf.o
        86          4          0          0          0         84   f2d.o
       450          8          0          0          0        236   faddsub_clz.o
        12          4          0          0          0         68   fcheck1.o
        24          0          0          0          0         68   fcmpi.o
       388         76          0          0          0         96   fdiv.o
        54          4          0          0          0         84   ffix.o
        62          4          0          0          0         84   ffixu.o
        86          0          0          0          0        136   fflt_clz.o
       104          4          0          0          0         84   fleqf.o
       258          4          0          0          0         84   fmul.o
       140          4          0          0          0         84   fnaninf.o
        10          0          0          0          0         68   fretinf.o
        98          0          0          0          0         68   frleqf.o
        96          4          0          0          0         76   frnd.o
         4          0          0          0          0         68   printf1.o
       100          0          0          0          0         68   retnan.o
        76          0          0          0          0         68   scalbnf.o
        48          0          0          0          0         68   trapv.o
         0          0          0          0          0          0   usenofp.o
        40          0          0          0          0         68   fpclassify.o
        38          0          0          0          0         68   fpclassifyf.o
        24          0          0          0          0        204   funder.o
       360         16         32          0          0         88   rredf.o
       392         54          0          0          0        124   sinf.o

    ----------------------------------------------------------------------
      8392        412        267          0         96       5568   Library Totals
        26          0          2          0          0          0   (incl. Padding)

    ----------------------------------------------------------------------

      Code (inc. data)   RO Data    RW Data    ZI Data      Debug   Library Name

      4780        206        233          0         96       3000   c_w.l
      2732        136          0          0          0       2016   fz_ws.l
       854         70         32          0          0        552   m_ws.l

    ----------------------------------------------------------------------
      8392        412        267          0         96       5568   Library Totals

    ----------------------------------------------------------------------

==============================================================================


      Code (inc. data)   RO Data    RW Data    ZI Data      Debug   

     31630       1286      12794         60       4780     598628   Grand Totals
     31630       1286      12794         60       4780     598628   ELF Image Totals
     31630       1286      12794         60          0          0   ROM Totals

==============================================================================

    Total RO  Size (Code + RO Data)                44424 (  43.38kB)
    Total RW  Size (RW Data + ZI Data)              4840 (   4.73kB)
    Total ROM Size (Code + RO Data + RW Data)      44484 (  43.44kB)

==============================================================================

