<html>
<body>
<pre>
<h1>礦ision Build Log</h1>
<h2>Tool Versions:</h2>
IDE-Version: μVision V5.14.0.0
Copyright (C) 2015 ARM Ltd and ARM Germany GmbH. All rights reserved.
License Information: 1 lenovo, 1, LIC=ATTGK-Z5YMT-9GE70-B7932-IKFDF-CVBIM
 
Tool Versions:
Toolchain:       MDK-ARM Standard  Version: 5.14.0.0
Toolchain Path:  D:\keil5\ARM\ARMCC\Bin
C Compiler:      Armcc.exe V5.05 update 1 (build 106)
Assembler:       Armasm.exe V5.05 update 1 (build 106)
Linker/Locator:  ArmLink.exe V5.05 update 1 (build 106)
Library Manager: ArmAr.exe V5.05 update 1 (build 106)
Hex Converter:   FromElf.exe V5.05 update 1 (build 106)
CPU DLL:         SARMCM3.DLL V5.14.0.0
Dialog DLL:      DCM.DLL V1.13.1.0
Target DLL:      STLink\ST-LINKIII-KEIL_SWO.dll V2.0.14.0_KEIL
Dialog DLL:      TCM.DLL V1.14.4.0
 
<h2>Project:</h2>
D:\github_lib_clone\location_git_code\项目\SCC131\第一次尝试\Projects\MDK-ARM\atk_f103.uvprojx
Project File Date:  11/24/2024

<h2>Output:</h2>
Rebuild target 'TOUCH'
assembling startup_stm32f103xe.s...
compiling main.c...
..\..\User\main.c(410): warning:  #1-D: last line of file ends without a newline
  }
..\..\User\main.c(337): warning:  #177-D: variable "temp" was declared but never referenced
                short temp;
..\..\User\main.c(271): warning:  #177-D: function "HAL_UART_RxCpltCallback" was declared but never referenced
  static void HAL_UART_RxCpltCallback(UART_HandleTypeDef *huart)
..\..\User\main.c: 3 warnings, 0 errors
compiling system_stm32f1xx.c...
compiling stm32f1xx_it.c...
compiling delay.c...
compiling sys.c...
compiling usart.c...
compiling stm32f1xx_hal.c...
compiling stm32f1xx_hal_cortex.c...
compiling stm32f1xx_hal_dma.c...
compiling stm32f1xx_hal_gpio.c...
compiling stm32f1xx_hal_gpio_ex.c...
compiling stm32f1xx_hal_rcc.c...
compiling stm32f1xx_hal_rcc_ex.c...
compiling stm32f1xx_hal_sram.c...
compiling stm32f1xx_hal_tim.c...
compiling stm32f1xx_hal_tim_ex.c...
compiling stm32f1xx_hal_uart.c...
compiling stm32f1xx_hal_usart.c...
compiling stm32f1xx_ll_fsmc.c...
compiling stm32f1xx_hal_pwr.c...
compiling stm32f1xx_hal_adc.c...
compiling stm32f1xx_hal_adc_ex.c...
compiling led.c...
compiling lcd.c...
compiling key.c...
compiling touch.c...
compiling ctiic.c...
compiling ft5206.c...
compiling gt9xxx.c...
compiling myiic.c...
compiling 24cxx.c...
compiling dma.c...
compiling adc.c...
linking...
Program Size: Code=31630 RO-data=12794 RW-data=60 ZI-data=4780  
FromELF: creating hex file...
"..\..\Output\atk_f103.axf" - 0 Error(s), 3 Warning(s).

<h2>Collection of Component include folders:</h2>
  D:\github_lib_clone\location_git_code\项目\SCC131\第一次尝试\Projects\MDK-ARM\RTE
  D:\keil5\ARM\PACK\Keil\STM32F1xx_DFP\1.0.5\Device\Include

<h2>Collection of Component Files used:</h2>
</pre>
</body>
</html>
