<html>
<body>
<pre>
<h1>µVision Build Log</h1>
<h2>Tool Versions:</h2>
IDE-Version: ¦ÌVision V5.14.0.0
Copyright (C) 2015 ARM Ltd and ARM Germany GmbH. All rights reserved.
License Information: 1 lenovo, 1, LIC=ATTGK-Z5YMT-9GE70-B7932-IKFDF-CVBIM
 
Tool Versions:
Toolchain:       MDK-ARM Standard  Version: 5.14.0.0
Toolchain Path:  D:\keil5\ARM\ARMCC\Bin
C Compiler:      Armcc.exe V5.05 update 1 (build 106)
Assembler:       Armasm.exe V5.05 update 1 (build 106)
Linker/Locator:  ArmLink.exe V5.05 update 1 (build 106)
Library Manager: ArmAr.exe V5.05 update 1 (build 106)
Hex Converter:   FromElf.exe V5.05 update 1 (build 106)
CPU DLL:         SARMCM3.DLL V5.14.0.0
Dialog DLL:      DCM.DLL V1.13.1.0
Target DLL:      STLink\ST-LINKIII-KEIL_SWO.dll V2.0.14.0_KEIL
Dialog DLL:      TCM.DLL V1.14.4.0
 
<h2>Project:</h2>
C:\Users\lenovo\Desktop\c8t6_adc_boxing\c8t6_adc_boxing\MDK-ARM\c8t6_adc_boxing.uvprojx
Project File Date:  11/24/2024

<h2>Output:</h2>
Rebuild target 'c8t6_adc_boxing'
assembling startup_stm32f103xb.s...
compiling main.c...
../Core/Inc/adc.h(42): warning:  #1295-D: Deprecated declaration get_ad - give arg types
  uint16_t get_ad();
../Core/Src/main.c(110): warning:  #223-D: function "printf" declared implicitly
                 printf("$,%d,%d,%f",i,m,man);
../Core/Src/main.c(69): warning:  #177-D: variable "j" was declared but never referenced
  uint16_t i,j,m,n;
../Core/Src/main.c(69): warning:  #177-D: variable "n" was declared but never referenced
  uint16_t i,j,m,n;
../Core/Src/main.c: 4 warnings, 0 errors
compiling gpio.c...
compiling adc.c...
../Core/Inc/adc.h(42): warning:  #1295-D: Deprecated declaration get_ad - give arg types
  uint16_t get_ad();
../Core/Src/adc.c: 1 warning, 0 errors
compiling usart.c...
compiling stm32f1xx_it.c...
compiling stm32f1xx_hal_msp.c...
compiling stm32f1xx_hal_gpio_ex.c...
compiling stm32f1xx_hal_adc.c...
compiling stm32f1xx_hal_adc_ex.c...
compiling stm32f1xx_hal.c...
compiling stm32f1xx_hal_rcc.c...
compiling stm32f1xx_hal_rcc_ex.c...
compiling stm32f1xx_hal_gpio.c...
compiling stm32f1xx_hal_dma.c...
compiling stm32f1xx_hal_cortex.c...
compiling stm32f1xx_hal_pwr.c...
compiling stm32f1xx_hal_flash.c...
compiling stm32f1xx_hal_flash_ex.c...
compiling stm32f1xx_hal_exti.c...
compiling stm32f1xx_hal_tim.c...
compiling stm32f1xx_hal_tim_ex.c...
compiling stm32f1xx_hal_uart.c...
compiling system_stm32f1xx.c...
linking...
Program Size: Code=9136 RO-data=292 RW-data=40 ZI-data=1136  
FromELF: creating hex file...
"c8t6_adc_boxing\c8t6_adc_boxing.axf" - 0 Error(s), 5 Warning(s).

<h2>Software Packages used:</h2>

Package Vendor: ARM
                http://www.keil.com/pack/ARM.CMSIS.4.2.0.pack
                ARM::CMSIS:CORE:3.40.0
                CMSIS (Cortex Microcontroller Software Interface Standard)
   * Component: CORE Version: 3.40.0

<h2>Collection of Component include folders:</h2>
  C:\Users\lenovo\Desktop\c8t6_adc_boxing\c8t6_adc_boxing\MDK-ARM\RTE
  D:\keil5\ARM\PACK\ARM\CMSIS\4.2.0\CMSIS\Include
  D:\keil5\ARM\PACK\Keil\STM32F1xx_DFP\1.0.5\Device\Include

<h2>Collection of Component Files used:</h2>

   * Component: ARM::CMSIS:CORE:3.40.0
      Source file:   CMSIS\UserCodeTemplates\ARM\ITM_Retarget.c
</pre>
</body>
</html>
